18:26:56 **** Build of configuration Release for project demo_MSS_CM3 ****
make all 
Building file: ../hal/CortexM3/GNU/hal.S
Invoking: Cross ARM GNU Assembler
arm-none-eabi-gcc -mcpu=cortex-m3 -mthumb -O0 -fmessage-length=0 -fsigned-char -ffunction-sections -fdata-sections  -g -x assembler-with-cpp -MMD -MP -MF"hal/CortexM3/GNU/hal.d" -MT"hal/CortexM3/GNU/hal.o" -c -o "hal/CortexM3/GNU/hal.o" "../hal/CortexM3/GNU/hal.S"
Finished building: ../hal/CortexM3/GNU/hal.S
 
Building file: ../hal/CortexM3/GNU/hw_reg_access.S
Invoking: Cross ARM GNU Assembler
arm-none-eabi-gcc -mcpu=cortex-m3 -mthumb -O0 -fmessage-length=0 -fsigned-char -ffunction-sections -fdata-sections  -g -x assembler-with-cpp -MMD -MP -MF"hal/CortexM3/GNU/hw_reg_access.d" -MT"hal/CortexM3/GNU/hw_reg_access.o" -c -o "hal/CortexM3/GNU/hw_reg_access.o" "../hal/CortexM3/GNU/hw_reg_access.S"
Finished building: ../hal/CortexM3/GNU/hw_reg_access.S
 
Building file: ../hal/CortexM3/cortex_nvic.c
Invoking: Cross ARM C Compiler
arm-none-eabi-gcc -mcpu=cortex-m3 -mthumb -O0 -fmessage-length=0 -fsigned-char -ffunction-sections -fdata-sections  -g -I"F:\11.8\sf2_isp_using_uart_interface_demo_df\host_tool_and_samples\fabric_and_envm\SoftConsole\demo_MSS_CM3\CMSIS" -I"F:\11.8\sf2_isp_using_uart_interface_demo_df\host_tool_and_samples\fabric_and_envm\SoftConsole\demo_MSS_CM3\CMSIS\startup_gcc" -I"F:\11.8\sf2_isp_using_uart_interface_demo_df\host_tool_and_samples\fabric_and_envm\SoftConsole\demo_MSS_CM3\drivers" -I"F:\11.8\sf2_isp_using_uart_interface_demo_df\host_tool_and_samples\fabric_and_envm\SoftConsole\demo_MSS_CM3\drivers\mss_hpdma" -I"F:\11.8\sf2_isp_using_uart_interface_demo_df\host_tool_and_samples\fabric_and_envm\SoftConsole\demo_MSS_CM3\drivers\mss_nvm" -I"F:\11.8\sf2_isp_using_uart_interface_demo_df\host_tool_and_samples\fabric_and_envm\SoftConsole\demo_MSS_CM3\drivers\mss_sys_services" -I"F:\11.8\sf2_isp_using_uart_interface_demo_df\host_tool_and_samples\fabric_and_envm\SoftConsole\demo_MSS_CM3\drivers\mss_timer" -I"F:\11.8\sf2_isp_using_uart_interface_demo_df\host_tool_and_samples\fabric_and_envm\SoftConsole\demo_MSS_CM3\drivers\mss_uart" -I"F:\11.8\sf2_isp_using_uart_interface_demo_df\host_tool_and_samples\fabric_and_envm\SoftConsole\demo_MSS_CM3\drivers_config" -I"F:\11.8\sf2_isp_using_uart_interface_demo_df\host_tool_and_samples\fabric_and_envm\SoftConsole\demo_MSS_CM3\drivers_config\sys_config" -I"F:\11.8\sf2_isp_using_uart_interface_demo_df\host_tool_and_samples\fabric_and_envm\SoftConsole\demo_MSS_CM3\hal" -I"F:\11.8\sf2_isp_using_uart_interface_demo_df\host_tool_and_samples\fabric_and_envm\SoftConsole\demo_MSS_CM3\hal\CortexM3" -I"F:\11.8\sf2_isp_using_uart_interface_demo_df\host_tool_and_samples\fabric_and_envm\SoftConsole\demo_MSS_CM3\hal\CortexM3\GNU" -std=gnu11 --specs=cmsis.specs -MMD -MP -MF"hal/CortexM3/cortex_nvic.d" -MT"hal/CortexM3/cortex_nvic.o" -c -o "hal/CortexM3/cortex_nvic.o" "../hal/CortexM3/cortex_nvic.c"
Finished building: ../hal/CortexM3/cortex_nvic.c
 
Building file: ../drivers_config/sys_config/sys_config.c
Invoking: Cross ARM C Compiler
arm-none-eabi-gcc -mcpu=cortex-m3 -mthumb -O0 -fmessage-length=0 -fsigned-char -ffunction-sections -fdata-sections  -g -I"F:\11.8\sf2_isp_using_uart_interface_demo_df\host_tool_and_samples\fabric_and_envm\SoftConsole\demo_MSS_CM3\CMSIS" -I"F:\11.8\sf2_isp_using_uart_interface_demo_df\host_tool_and_samples\fabric_and_envm\SoftConsole\demo_MSS_CM3\CMSIS\startup_gcc" -I"F:\11.8\sf2_isp_using_uart_interface_demo_df\host_tool_and_samples\fabric_and_envm\SoftConsole\demo_MSS_CM3\drivers" -I"F:\11.8\sf2_isp_using_uart_interface_demo_df\host_tool_and_samples\fabric_and_envm\SoftConsole\demo_MSS_CM3\drivers\mss_hpdma" -I"F:\11.8\sf2_isp_using_uart_interface_demo_df\host_tool_and_samples\fabric_and_envm\SoftConsole\demo_MSS_CM3\drivers\mss_nvm" -I"F:\11.8\sf2_isp_using_uart_interface_demo_df\host_tool_and_samples\fabric_and_envm\SoftConsole\demo_MSS_CM3\drivers\mss_sys_services" -I"F:\11.8\sf2_isp_using_uart_interface_demo_df\host_tool_and_samples\fabric_and_envm\SoftConsole\demo_MSS_CM3\drivers\mss_timer" -I"F:\11.8\sf2_isp_using_uart_interface_demo_df\host_tool_and_samples\fabric_and_envm\SoftConsole\demo_MSS_CM3\drivers\mss_uart" -I"F:\11.8\sf2_isp_using_uart_interface_demo_df\host_tool_and_samples\fabric_and_envm\SoftConsole\demo_MSS_CM3\drivers_config" -I"F:\11.8\sf2_isp_using_uart_interface_demo_df\host_tool_and_samples\fabric_and_envm\SoftConsole\demo_MSS_CM3\drivers_config\sys_config" -I"F:\11.8\sf2_isp_using_uart_interface_demo_df\host_tool_and_samples\fabric_and_envm\SoftConsole\demo_MSS_CM3\hal" -I"F:\11.8\sf2_isp_using_uart_interface_demo_df\host_tool_and_samples\fabric_and_envm\SoftConsole\demo_MSS_CM3\hal\CortexM3" -I"F:\11.8\sf2_isp_using_uart_interface_demo_df\host_tool_and_samples\fabric_and_envm\SoftConsole\demo_MSS_CM3\hal\CortexM3\GNU" -std=gnu11 --specs=cmsis.specs -MMD -MP -MF"drivers_config/sys_config/sys_config.d" -MT"drivers_config/sys_config/sys_config.o" -c -o "drivers_config/sys_config/sys_config.o" "../drivers_config/sys_config/sys_config.c"
Finished building: ../drivers_config/sys_config/sys_config.c
 
Building file: ../drivers/mss_uart/mss_uart.c
Invoking: Cross ARM C Compiler
arm-none-eabi-gcc -mcpu=cortex-m3 -mthumb -O0 -fmessage-length=0 -fsigned-char -ffunction-sections -fdata-sections  -g -I"F:\11.8\sf2_isp_using_uart_interface_demo_df\host_tool_and_samples\fabric_and_envm\SoftConsole\demo_MSS_CM3\CMSIS" -I"F:\11.8\sf2_isp_using_uart_interface_demo_df\host_tool_and_samples\fabric_and_envm\SoftConsole\demo_MSS_CM3\CMSIS\startup_gcc" -I"F:\11.8\sf2_isp_using_uart_interface_demo_df\host_tool_and_samples\fabric_and_envm\SoftConsole\demo_MSS_CM3\drivers" -I"F:\11.8\sf2_isp_using_uart_interface_demo_df\host_tool_and_samples\fabric_and_envm\SoftConsole\demo_MSS_CM3\drivers\mss_hpdma" -I"F:\11.8\sf2_isp_using_uart_interface_demo_df\host_tool_and_samples\fabric_and_envm\SoftConsole\demo_MSS_CM3\drivers\mss_nvm" -I"F:\11.8\sf2_isp_using_uart_interface_demo_df\host_tool_and_samples\fabric_and_envm\SoftConsole\demo_MSS_CM3\drivers\mss_sys_services" -I"F:\11.8\sf2_isp_using_uart_interface_demo_df\host_tool_and_samples\fabric_and_envm\SoftConsole\demo_MSS_CM3\drivers\mss_timer" -I"F:\11.8\sf2_isp_using_uart_interface_demo_df\host_tool_and_samples\fabric_and_envm\SoftConsole\demo_MSS_CM3\drivers\mss_uart" -I"F:\11.8\sf2_isp_using_uart_interface_demo_df\host_tool_and_samples\fabric_and_envm\SoftConsole\demo_MSS_CM3\drivers_config" -I"F:\11.8\sf2_isp_using_uart_interface_demo_df\host_tool_and_samples\fabric_and_envm\SoftConsole\demo_MSS_CM3\drivers_config\sys_config" -I"F:\11.8\sf2_isp_using_uart_interface_demo_df\host_tool_and_samples\fabric_and_envm\SoftConsole\demo_MSS_CM3\hal" -I"F:\11.8\sf2_isp_using_uart_interface_demo_df\host_tool_and_samples\fabric_and_envm\SoftConsole\demo_MSS_CM3\hal\CortexM3" -I"F:\11.8\sf2_isp_using_uart_interface_demo_df\host_tool_and_samples\fabric_and_envm\SoftConsole\demo_MSS_CM3\hal\CortexM3\GNU" -std=gnu11 --specs=cmsis.specs -MMD -MP -MF"drivers/mss_uart/mss_uart.d" -MT"drivers/mss_uart/mss_uart.o" -c -o "drivers/mss_uart/mss_uart.o" "../drivers/mss_uart/mss_uart.c"
Finished building: ../drivers/mss_uart/mss_uart.c
 
Building file: ../drivers/mss_sys_services/mss_comblk.c
Invoking: Cross ARM C Compiler
arm-none-eabi-gcc -mcpu=cortex-m3 -mthumb -O0 -fmessage-length=0 -fsigned-char -ffunction-sections -fdata-sections  -g -I"F:\11.8\sf2_isp_using_uart_interface_demo_df\host_tool_and_samples\fabric_and_envm\SoftConsole\demo_MSS_CM3\CMSIS" -I"F:\11.8\sf2_isp_using_uart_interface_demo_df\host_tool_and_samples\fabric_and_envm\SoftConsole\demo_MSS_CM3\CMSIS\startup_gcc" -I"F:\11.8\sf2_isp_using_uart_interface_demo_df\host_tool_and_samples\fabric_and_envm\SoftConsole\demo_MSS_CM3\drivers" -I"F:\11.8\sf2_isp_using_uart_interface_demo_df\host_tool_and_samples\fabric_and_envm\SoftConsole\demo_MSS_CM3\drivers\mss_hpdma" -I"F:\11.8\sf2_isp_using_uart_interface_demo_df\host_tool_and_samples\fabric_and_envm\SoftConsole\demo_MSS_CM3\drivers\mss_nvm" -I"F:\11.8\sf2_isp_using_uart_interface_demo_df\host_tool_and_samples\fabric_and_envm\SoftConsole\demo_MSS_CM3\drivers\mss_sys_services" -I"F:\11.8\sf2_isp_using_uart_interface_demo_df\host_tool_and_samples\fabric_and_envm\SoftConsole\demo_MSS_CM3\drivers\mss_timer" -I"F:\11.8\sf2_isp_using_uart_interface_demo_df\host_tool_and_samples\fabric_and_envm\SoftConsole\demo_MSS_CM3\drivers\mss_uart" -I"F:\11.8\sf2_isp_using_uart_interface_demo_df\host_tool_and_samples\fabric_and_envm\SoftConsole\demo_MSS_CM3\drivers_config" -I"F:\11.8\sf2_isp_using_uart_interface_demo_df\host_tool_and_samples\fabric_and_envm\SoftConsole\demo_MSS_CM3\drivers_config\sys_config" -I"F:\11.8\sf2_isp_using_uart_interface_demo_df\host_tool_and_samples\fabric_and_envm\SoftConsole\demo_MSS_CM3\hal" -I"F:\11.8\sf2_isp_using_uart_interface_demo_df\host_tool_and_samples\fabric_and_envm\SoftConsole\demo_MSS_CM3\hal\CortexM3" -I"F:\11.8\sf2_isp_using_uart_interface_demo_df\host_tool_and_samples\fabric_and_envm\SoftConsole\demo_MSS_CM3\hal\CortexM3\GNU" -std=gnu11 --specs=cmsis.specs -MMD -MP -MF"drivers/mss_sys_services/mss_comblk.d" -MT"drivers/mss_sys_services/mss_comblk.o" -c -o "drivers/mss_sys_services/mss_comblk.o" "../drivers/mss_sys_services/mss_comblk.c"
Finished building: ../drivers/mss_sys_services/mss_comblk.c
 
Building file: ../drivers/mss_sys_services/mss_sys_services.c
Invoking: Cross ARM C Compiler
arm-none-eabi-gcc -mcpu=cortex-m3 -mthumb -O0 -fmessage-length=0 -fsigned-char -ffunction-sections -fdata-sections  -g -I"F:\11.8\sf2_isp_using_uart_interface_demo_df\host_tool_and_samples\fabric_and_envm\SoftConsole\demo_MSS_CM3\CMSIS" -I"F:\11.8\sf2_isp_using_uart_interface_demo_df\host_tool_and_samples\fabric_and_envm\SoftConsole\demo_MSS_CM3\CMSIS\startup_gcc" -I"F:\11.8\sf2_isp_using_uart_interface_demo_df\host_tool_and_samples\fabric_and_envm\SoftConsole\demo_MSS_CM3\drivers" -I"F:\11.8\sf2_isp_using_uart_interface_demo_df\host_tool_and_samples\fabric_and_envm\SoftConsole\demo_MSS_CM3\drivers\mss_hpdma" -I"F:\11.8\sf2_isp_using_uart_interface_demo_df\host_tool_and_samples\fabric_and_envm\SoftConsole\demo_MSS_CM3\drivers\mss_nvm" -I"F:\11.8\sf2_isp_using_uart_interface_demo_df\host_tool_and_samples\fabric_and_envm\SoftConsole\demo_MSS_CM3\drivers\mss_sys_services" -I"F:\11.8\sf2_isp_using_uart_interface_demo_df\host_tool_and_samples\fabric_and_envm\SoftConsole\demo_MSS_CM3\drivers\mss_timer" -I"F:\11.8\sf2_isp_using_uart_interface_demo_df\host_tool_and_samples\fabric_and_envm\SoftConsole\demo_MSS_CM3\drivers\mss_uart" -I"F:\11.8\sf2_isp_using_uart_interface_demo_df\host_tool_and_samples\fabric_and_envm\SoftConsole\demo_MSS_CM3\drivers_config" -I"F:\11.8\sf2_isp_using_uart_interface_demo_df\host_tool_and_samples\fabric_and_envm\SoftConsole\demo_MSS_CM3\drivers_config\sys_config" -I"F:\11.8\sf2_isp_using_uart_interface_demo_df\host_tool_and_samples\fabric_and_envm\SoftConsole\demo_MSS_CM3\hal" -I"F:\11.8\sf2_isp_using_uart_interface_demo_df\host_tool_and_samples\fabric_and_envm\SoftConsole\demo_MSS_CM3\hal\CortexM3" -I"F:\11.8\sf2_isp_using_uart_interface_demo_df\host_tool_and_samples\fabric_and_envm\SoftConsole\demo_MSS_CM3\hal\CortexM3\GNU" -std=gnu11 --specs=cmsis.specs -MMD -MP -MF"drivers/mss_sys_services/mss_sys_services.d" -MT"drivers/mss_sys_services/mss_sys_services.o" -c -o "drivers/mss_sys_services/mss_sys_services.o" "../drivers/mss_sys_services/mss_sys_services.c"
Finished building: ../drivers/mss_sys_services/mss_sys_services.c
 
Building file: ../drivers/mss_nvm/mss_nvm.c
Invoking: Cross ARM C Compiler
arm-none-eabi-gcc -mcpu=cortex-m3 -mthumb -O0 -fmessage-length=0 -fsigned-char -ffunction-sections -fdata-sections  -g -I"F:\11.8\sf2_isp_using_uart_interface_demo_df\host_tool_and_samples\fabric_and_envm\SoftConsole\demo_MSS_CM3\CMSIS" -I"F:\11.8\sf2_isp_using_uart_interface_demo_df\host_tool_and_samples\fabric_and_envm\SoftConsole\demo_MSS_CM3\CMSIS\startup_gcc" -I"F:\11.8\sf2_isp_using_uart_interface_demo_df\host_tool_and_samples\fabric_and_envm\SoftConsole\demo_MSS_CM3\drivers" -I"F:\11.8\sf2_isp_using_uart_interface_demo_df\host_tool_and_samples\fabric_and_envm\SoftConsole\demo_MSS_CM3\drivers\mss_hpdma" -I"F:\11.8\sf2_isp_using_uart_interface_demo_df\host_tool_and_samples\fabric_and_envm\SoftConsole\demo_MSS_CM3\drivers\mss_nvm" -I"F:\11.8\sf2_isp_using_uart_interface_demo_df\host_tool_and_samples\fabric_and_envm\SoftConsole\demo_MSS_CM3\drivers\mss_sys_services" -I"F:\11.8\sf2_isp_using_uart_interface_demo_df\host_tool_and_samples\fabric_and_envm\SoftConsole\demo_MSS_CM3\drivers\mss_timer" -I"F:\11.8\sf2_isp_using_uart_interface_demo_df\host_tool_and_samples\fabric_and_envm\SoftConsole\demo_MSS_CM3\drivers\mss_uart" -I"F:\11.8\sf2_isp_using_uart_interface_demo_df\host_tool_and_samples\fabric_and_envm\SoftConsole\demo_MSS_CM3\drivers_config" -I"F:\11.8\sf2_isp_using_uart_interface_demo_df\host_tool_and_samples\fabric_and_envm\SoftConsole\demo_MSS_CM3\drivers_config\sys_config" -I"F:\11.8\sf2_isp_using_uart_interface_demo_df\host_tool_and_samples\fabric_and_envm\SoftConsole\demo_MSS_CM3\hal" -I"F:\11.8\sf2_isp_using_uart_interface_demo_df\host_tool_and_samples\fabric_and_envm\SoftConsole\demo_MSS_CM3\hal\CortexM3" -I"F:\11.8\sf2_isp_using_uart_interface_demo_df\host_tool_and_samples\fabric_and_envm\SoftConsole\demo_MSS_CM3\hal\CortexM3\GNU" -std=gnu11 --specs=cmsis.specs -MMD -MP -MF"drivers/mss_nvm/mss_nvm.d" -MT"drivers/mss_nvm/mss_nvm.o" -c -o "drivers/mss_nvm/mss_nvm.o" "../drivers/mss_nvm/mss_nvm.c"
Finished building: ../drivers/mss_nvm/mss_nvm.c
 
Building file: ../drivers/mss_hpdma/mss_hpdma.c
Invoking: Cross ARM C Compiler
arm-none-eabi-gcc -mcpu=cortex-m3 -mthumb -O0 -fmessage-length=0 -fsigned-char -ffunction-sections -fdata-sections  -g -I"F:\11.8\sf2_isp_using_uart_interface_demo_df\host_tool_and_samples\fabric_and_envm\SoftConsole\demo_MSS_CM3\CMSIS" -I"F:\11.8\sf2_isp_using_uart_interface_demo_df\host_tool_and_samples\fabric_and_envm\SoftConsole\demo_MSS_CM3\CMSIS\startup_gcc" -I"F:\11.8\sf2_isp_using_uart_interface_demo_df\host_tool_and_samples\fabric_and_envm\SoftConsole\demo_MSS_CM3\drivers" -I"F:\11.8\sf2_isp_using_uart_interface_demo_df\host_tool_and_samples\fabric_and_envm\SoftConsole\demo_MSS_CM3\drivers\mss_hpdma" -I"F:\11.8\sf2_isp_using_uart_interface_demo_df\host_tool_and_samples\fabric_and_envm\SoftConsole\demo_MSS_CM3\drivers\mss_nvm" -I"F:\11.8\sf2_isp_using_uart_interface_demo_df\host_tool_and_samples\fabric_and_envm\SoftConsole\demo_MSS_CM3\drivers\mss_sys_services" -I"F:\11.8\sf2_isp_using_uart_interface_demo_df\host_tool_and_samples\fabric_and_envm\SoftConsole\demo_MSS_CM3\drivers\mss_timer" -I"F:\11.8\sf2_isp_using_uart_interface_demo_df\host_tool_and_samples\fabric_and_envm\SoftConsole\demo_MSS_CM3\drivers\mss_uart" -I"F:\11.8\sf2_isp_using_uart_interface_demo_df\host_tool_and_samples\fabric_and_envm\SoftConsole\demo_MSS_CM3\drivers_config" -I"F:\11.8\sf2_isp_using_uart_interface_demo_df\host_tool_and_samples\fabric_and_envm\SoftConsole\demo_MSS_CM3\drivers_config\sys_config" -I"F:\11.8\sf2_isp_using_uart_interface_demo_df\host_tool_and_samples\fabric_and_envm\SoftConsole\demo_MSS_CM3\hal" -I"F:\11.8\sf2_isp_using_uart_interface_demo_df\host_tool_and_samples\fabric_and_envm\SoftConsole\demo_MSS_CM3\hal\CortexM3" -I"F:\11.8\sf2_isp_using_uart_interface_demo_df\host_tool_and_samples\fabric_and_envm\SoftConsole\demo_MSS_CM3\hal\CortexM3\GNU" -std=gnu11 --specs=cmsis.specs -MMD -MP -MF"drivers/mss_hpdma/mss_hpdma.d" -MT"drivers/mss_hpdma/mss_hpdma.o" -c -o "drivers/mss_hpdma/mss_hpdma.o" "../drivers/mss_hpdma/mss_hpdma.c"
Finished building: ../drivers/mss_hpdma/mss_hpdma.c
 
Building file: ../CMSIS/startup_gcc/newlib_stubs.c
Invoking: Cross ARM C Compiler
arm-none-eabi-gcc -mcpu=cortex-m3 -mthumb -O0 -fmessage-length=0 -fsigned-char -ffunction-sections -fdata-sections  -g -I"F:\11.8\sf2_isp_using_uart_interface_demo_df\host_tool_and_samples\fabric_and_envm\SoftConsole\demo_MSS_CM3\CMSIS" -I"F:\11.8\sf2_isp_using_uart_interface_demo_df\host_tool_and_samples\fabric_and_envm\SoftConsole\demo_MSS_CM3\CMSIS\startup_gcc" -I"F:\11.8\sf2_isp_using_uart_interface_demo_df\host_tool_and_samples\fabric_and_envm\SoftConsole\demo_MSS_CM3\drivers" -I"F:\11.8\sf2_isp_using_uart_interface_demo_df\host_tool_and_samples\fabric_and_envm\SoftConsole\demo_MSS_CM3\drivers\mss_hpdma" -I"F:\11.8\sf2_isp_using_uart_interface_demo_df\host_tool_and_samples\fabric_and_envm\SoftConsole\demo_MSS_CM3\drivers\mss_nvm" -I"F:\11.8\sf2_isp_using_uart_interface_demo_df\host_tool_and_samples\fabric_and_envm\SoftConsole\demo_MSS_CM3\drivers\mss_sys_services" -I"F:\11.8\sf2_isp_using_uart_interface_demo_df\host_tool_and_samples\fabric_and_envm\SoftConsole\demo_MSS_CM3\drivers\mss_timer" -I"F:\11.8\sf2_isp_using_uart_interface_demo_df\host_tool_and_samples\fabric_and_envm\SoftConsole\demo_MSS_CM3\drivers\mss_uart" -I"F:\11.8\sf2_isp_using_uart_interface_demo_df\host_tool_and_samples\fabric_and_envm\SoftConsole\demo_MSS_CM3\drivers_config" -I"F:\11.8\sf2_isp_using_uart_interface_demo_df\host_tool_and_samples\fabric_and_envm\SoftConsole\demo_MSS_CM3\drivers_config\sys_config" -I"F:\11.8\sf2_isp_using_uart_interface_demo_df\host_tool_and_samples\fabric_and_envm\SoftConsole\demo_MSS_CM3\hal" -I"F:\11.8\sf2_isp_using_uart_interface_demo_df\host_tool_and_samples\fabric_and_envm\SoftConsole\demo_MSS_CM3\hal\CortexM3" -I"F:\11.8\sf2_isp_using_uart_interface_demo_df\host_tool_and_samples\fabric_and_envm\SoftConsole\demo_MSS_CM3\hal\CortexM3\GNU" -std=gnu11 --specs=cmsis.specs -MMD -MP -MF"CMSIS/startup_gcc/newlib_stubs.d" -MT"CMSIS/startup_gcc/newlib_stubs.o" -c -o "CMSIS/startup_gcc/newlib_stubs.o" "../CMSIS/startup_gcc/newlib_stubs.c"
Finished building: ../CMSIS/startup_gcc/newlib_stubs.c
 
Building file: ../CMSIS/startup_gcc/startup_m2sxxx.S
Invoking: Cross ARM GNU Assembler
arm-none-eabi-gcc -mcpu=cortex-m3 -mthumb -O0 -fmessage-length=0 -fsigned-char -ffunction-sections -fdata-sections  -g -x assembler-with-cpp -MMD -MP -MF"CMSIS/startup_gcc/startup_m2sxxx.d" -MT"CMSIS/startup_gcc/startup_m2sxxx.o" -c -o "CMSIS/startup_gcc/startup_m2sxxx.o" "../CMSIS/startup_gcc/startup_m2sxxx.S"
Finished building: ../CMSIS/startup_gcc/startup_m2sxxx.S
 
Building file: ../CMSIS/system_m2sxxx.c
Invoking: Cross ARM C Compiler
arm-none-eabi-gcc -mcpu=cortex-m3 -mthumb -O0 -fmessage-length=0 -fsigned-char -ffunction-sections -fdata-sections  -g -I"F:\11.8\sf2_isp_using_uart_interface_demo_df\host_tool_and_samples\fabric_and_envm\SoftConsole\demo_MSS_CM3\CMSIS" -I"F:\11.8\sf2_isp_using_uart_interface_demo_df\host_tool_and_samples\fabric_and_envm\SoftConsole\demo_MSS_CM3\CMSIS\startup_gcc" -I"F:\11.8\sf2_isp_using_uart_interface_demo_df\host_tool_and_samples\fabric_and_envm\SoftConsole\demo_MSS_CM3\drivers" -I"F:\11.8\sf2_isp_using_uart_interface_demo_df\host_tool_and_samples\fabric_and_envm\SoftConsole\demo_MSS_CM3\drivers\mss_hpdma" -I"F:\11.8\sf2_isp_using_uart_interface_demo_df\host_tool_and_samples\fabric_and_envm\SoftConsole\demo_MSS_CM3\drivers\mss_nvm" -I"F:\11.8\sf2_isp_using_uart_interface_demo_df\host_tool_and_samples\fabric_and_envm\SoftConsole\demo_MSS_CM3\drivers\mss_sys_services" -I"F:\11.8\sf2_isp_using_uart_interface_demo_df\host_tool_and_samples\fabric_and_envm\SoftConsole\demo_MSS_CM3\drivers\mss_timer" -I"F:\11.8\sf2_isp_using_uart_interface_demo_df\host_tool_and_samples\fabric_and_envm\SoftConsole\demo_MSS_CM3\drivers\mss_uart" -I"F:\11.8\sf2_isp_using_uart_interface_demo_df\host_tool_and_samples\fabric_and_envm\SoftConsole\demo_MSS_CM3\drivers_config" -I"F:\11.8\sf2_isp_using_uart_interface_demo_df\host_tool_and_samples\fabric_and_envm\SoftConsole\demo_MSS_CM3\drivers_config\sys_config" -I"F:\11.8\sf2_isp_using_uart_interface_demo_df\host_tool_and_samples\fabric_and_envm\SoftConsole\demo_MSS_CM3\hal" -I"F:\11.8\sf2_isp_using_uart_interface_demo_df\host_tool_and_samples\fabric_and_envm\SoftConsole\demo_MSS_CM3\hal\CortexM3" -I"F:\11.8\sf2_isp_using_uart_interface_demo_df\host_tool_and_samples\fabric_and_envm\SoftConsole\demo_MSS_CM3\hal\CortexM3\GNU" -std=gnu11 --specs=cmsis.specs -MMD -MP -MF"CMSIS/system_m2sxxx.d" -MT"CMSIS/system_m2sxxx.o" -c -o "CMSIS/system_m2sxxx.o" "../CMSIS/system_m2sxxx.c"
Finished building: ../CMSIS/system_m2sxxx.c
 
Building file: ../main.c
Invoking: Cross ARM C Compiler
arm-none-eabi-gcc -mcpu=cortex-m3 -mthumb -O0 -fmessage-length=0 -fsigned-char -ffunction-sections -fdata-sections  -g -I"F:\11.8\sf2_isp_using_uart_interface_demo_df\host_tool_and_samples\fabric_and_envm\SoftConsole\demo_MSS_CM3\CMSIS" -I"F:\11.8\sf2_isp_using_uart_interface_demo_df\host_tool_and_samples\fabric_and_envm\SoftConsole\demo_MSS_CM3\CMSIS\startup_gcc" -I"F:\11.8\sf2_isp_using_uart_interface_demo_df\host_tool_and_samples\fabric_and_envm\SoftConsole\demo_MSS_CM3\drivers" -I"F:\11.8\sf2_isp_using_uart_interface_demo_df\host_tool_and_samples\fabric_and_envm\SoftConsole\demo_MSS_CM3\drivers\mss_hpdma" -I"F:\11.8\sf2_isp_using_uart_interface_demo_df\host_tool_and_samples\fabric_and_envm\SoftConsole\demo_MSS_CM3\drivers\mss_nvm" -I"F:\11.8\sf2_isp_using_uart_interface_demo_df\host_tool_and_samples\fabric_and_envm\SoftConsole\demo_MSS_CM3\drivers\mss_sys_services" -I"F:\11.8\sf2_isp_using_uart_interface_demo_df\host_tool_and_samples\fabric_and_envm\SoftConsole\demo_MSS_CM3\drivers\mss_timer" -I"F:\11.8\sf2_isp_using_uart_interface_demo_df\host_tool_and_samples\fabric_and_envm\SoftConsole\demo_MSS_CM3\drivers\mss_uart" -I"F:\11.8\sf2_isp_using_uart_interface_demo_df\host_tool_and_samples\fabric_and_envm\SoftConsole\demo_MSS_CM3\drivers_config" -I"F:\11.8\sf2_isp_using_uart_interface_demo_df\host_tool_and_samples\fabric_and_envm\SoftConsole\demo_MSS_CM3\drivers_config\sys_config" -I"F:\11.8\sf2_isp_using_uart_interface_demo_df\host_tool_and_samples\fabric_and_envm\SoftConsole\demo_MSS_CM3\hal" -I"F:\11.8\sf2_isp_using_uart_interface_demo_df\host_tool_and_samples\fabric_and_envm\SoftConsole\demo_MSS_CM3\hal\CortexM3" -I"F:\11.8\sf2_isp_using_uart_interface_demo_df\host_tool_and_samples\fabric_and_envm\SoftConsole\demo_MSS_CM3\hal\CortexM3\GNU" -std=gnu11 --specs=cmsis.specs -MMD -MP -MF"main.d" -MT"main.o" -c -o "main.o" "../main.c"
Finished building: ../main.c
 
Building target: demo_MSS_CM3.elf
Invoking: Cross ARM C Linker
arm-none-eabi-gcc -mcpu=cortex-m3 -mthumb -O0 -fmessage-length=0 -fsigned-char -ffunction-sections -fdata-sections  -g -T "F:\11.8\sf2_isp_using_uart_interface_demo_df\host_tool_and_samples\fabric_and_envm\SoftConsole\demo_MSS_CM3\CMSIS\startup_gcc\production-smartfusion2-execute-in-place.ld" -Xlinker --gc-sections -Wl,-Map,"demo_MSS_CM3.map" --specs=nano.specs -o "demo_MSS_CM3.elf"  ./hal/CortexM3/GNU/hal.o ./hal/CortexM3/GNU/hw_reg_access.o  ./hal/CortexM3/cortex_nvic.o  ./drivers_config/sys_config/sys_config.o  ./drivers/mss_uart/mss_uart.o  ./drivers/mss_sys_services/mss_comblk.o ./drivers/mss_sys_services/mss_sys_services.o  ./drivers/mss_nvm/mss_nvm.o  ./drivers/mss_hpdma/mss_hpdma.o  ./CMSIS/startup_gcc/newlib_stubs.o ./CMSIS/startup_gcc/startup_m2sxxx.o  ./CMSIS/system_m2sxxx.o  ./main.o   
Finished building target: demo_MSS_CM3.elf
 
Invoking: Cross ARM GNU Create Flash Image
arm-none-eabi-objcopy -O ihex "demo_MSS_CM3.elf"  "demo_MSS_CM3.hex"
Finished building: demo_MSS_CM3.hex
 
Invoking: Cross ARM GNU Print Size
arm-none-eabi-size --format=berkeley "demo_MSS_CM3.elf"
   text	   data	    bss	    dec	    hex	filename
   6800	     32	  65504	  72336	  11a90	demo_MSS_CM3.elf
Finished building: demo_MSS_CM3.siz
 

18:27:00 Build Finished (took 3s.954ms)

