Archive member included because of file (symbol)

C:\Users\S-SPACE\Desktop\Pratik\sf2_isp_using_uart_interface_demo_df\libero\SoftConsole\demo_MSS_CM3\demo_MSS_CM3_hw_platform\Debug\libdemo_MSS_CM3_hw_platform.a(mss_uart.o)
                              ./main.o (g_mss_uart0)
C:\Users\S-SPACE\Desktop\Pratik\sf2_isp_using_uart_interface_demo_df\libero\SoftConsole\demo_MSS_CM3\demo_MSS_CM3_hw_platform\Debug\libdemo_MSS_CM3_hw_platform.a(mss_sys_services.o)
                              ./main.o (MSS_SYS_init)
C:\Users\S-SPACE\Desktop\Pratik\sf2_isp_using_uart_interface_demo_df\libero\SoftConsole\demo_MSS_CM3\demo_MSS_CM3_hw_platform\Debug\libdemo_MSS_CM3_hw_platform.a(mss_spi.o)
                              ./Flash.o (g_mss_spi0)
C:\Users\S-SPACE\Desktop\Pratik\sf2_isp_using_uart_interface_demo_df\libero\SoftConsole\demo_MSS_CM3\demo_MSS_CM3_hw_platform\Debug\libdemo_MSS_CM3_hw_platform.a(system_m2sxxx.o)
                              C:\Users\S-SPACE\Desktop\Pratik\sf2_isp_using_uart_interface_demo_df\libero\SoftConsole\demo_MSS_CM3\demo_MSS_CM3_hw_platform\Debug\libdemo_MSS_CM3_hw_platform.a(mss_uart.o) (g_FrequencyPCLK0)
C:\Users\S-SPACE\Desktop\Pratik\sf2_isp_using_uart_interface_demo_df\libero\SoftConsole\demo_MSS_CM3\demo_MSS_CM3_hw_platform\Debug\libdemo_MSS_CM3_hw_platform.a(mss_comblk.o)
                              C:\Users\S-SPACE\Desktop\Pratik\sf2_isp_using_uart_interface_demo_df\libero\SoftConsole\demo_MSS_CM3\demo_MSS_CM3_hw_platform\Debug\libdemo_MSS_CM3_hw_platform.a(mss_sys_services.o) (MSS_COMBLK_init)
c:/program files (x86)/microsemi/softconsole v3.4/sourcery-g++/bin/../lib/gcc/arm-none-eabi/4.4.1/../../../../arm-none-eabi/lib/thumb2\libc.a(lib_a-atoi.o)
                              ./main.o (atoi)
c:/program files (x86)/microsemi/softconsole v3.4/sourcery-g++/bin/../lib/gcc/arm-none-eabi/4.4.1/../../../../arm-none-eabi/lib/thumb2\libc.a(lib_a-errno.o)
                              C:/Users/S-SPACE/Desktop/Pratik/sf2_isp_using_uart_interface_demo_df/libero/SoftConsole/demo_MSS_CM3/demo_MSS_CM3_hw_platform/Debug/CMSIS/startup_gcc/newlib_stubs.o (__errno)
c:/program files (x86)/microsemi/softconsole v3.4/sourcery-g++/bin/../lib/gcc/arm-none-eabi/4.4.1/../../../../arm-none-eabi/lib/thumb2\libc.a(lib_a-impure.o)
                              c:/program files (x86)/microsemi/softconsole v3.4/sourcery-g++/bin/../lib/gcc/arm-none-eabi/4.4.1/../../../../arm-none-eabi/lib/thumb2\libc.a(lib_a-errno.o) (_impure_ptr)
c:/program files (x86)/microsemi/softconsole v3.4/sourcery-g++/bin/../lib/gcc/arm-none-eabi/4.4.1/../../../../arm-none-eabi/lib/thumb2\libc.a(lib_a-init.o)
                              C:/Users/S-SPACE/Desktop/Pratik/sf2_isp_using_uart_interface_demo_df/libero/SoftConsole/demo_MSS_CM3/demo_MSS_CM3_hw_platform/Debug/CMSIS/startup_gcc/startup_m2sxxx.o (__libc_init_array)
c:/program files (x86)/microsemi/softconsole v3.4/sourcery-g++/bin/../lib/gcc/arm-none-eabi/4.4.1/../../../../arm-none-eabi/lib/thumb2\libc.a(lib_a-memcmp.o)
                              ./main.o (memcmp)
c:/program files (x86)/microsemi/softconsole v3.4/sourcery-g++/bin/../lib/gcc/arm-none-eabi/4.4.1/../../../../arm-none-eabi/lib/thumb2\libc.a(lib_a-memcpy.o)
                              C:\Users\S-SPACE\Desktop\Pratik\sf2_isp_using_uart_interface_demo_df\libero\SoftConsole\demo_MSS_CM3\demo_MSS_CM3_hw_platform\Debug\libdemo_MSS_CM3_hw_platform.a(mss_sys_services.o) (memcpy)
c:/program files (x86)/microsemi/softconsole v3.4/sourcery-g++/bin/../lib/gcc/arm-none-eabi/4.4.1/../../../../arm-none-eabi/lib/thumb2\libc.a(lib_a-memset.o)
                              ./Flash.o (memset)
c:/program files (x86)/microsemi/softconsole v3.4/sourcery-g++/bin/../lib/gcc/arm-none-eabi/4.4.1/../../../../arm-none-eabi/lib/thumb2\libc.a(lib_a-strtol.o)
                              c:/program files (x86)/microsemi/softconsole v3.4/sourcery-g++/bin/../lib/gcc/arm-none-eabi/4.4.1/../../../../arm-none-eabi/lib/thumb2\libc.a(lib_a-atoi.o) (_strtol_r)
c:/program files (x86)/microsemi/softconsole v3.4/sourcery-g++/bin/../lib/gcc/arm-none-eabi/4.4.1/../../../../arm-none-eabi/lib/thumb2\libc.a(lib_a-ctype_.o)
                              c:/program files (x86)/microsemi/softconsole v3.4/sourcery-g++/bin/../lib/gcc/arm-none-eabi/4.4.1/../../../../arm-none-eabi/lib/thumb2\libc.a(lib_a-strtol.o) (__ctype_ptr__)
c:/program files (x86)/microsemi/softconsole v3.4/sourcery-g++/bin/../lib/gcc/arm-none-eabi/4.4.1/thumb2\libgcc.a(_udivsi3.o)
                              c:/program files (x86)/microsemi/softconsole v3.4/sourcery-g++/bin/../lib/gcc/arm-none-eabi/4.4.1/../../../../arm-none-eabi/lib/thumb2\libc.a(lib_a-strtol.o) (__aeabi_uidiv)
c:/program files (x86)/microsemi/softconsole v3.4/sourcery-g++/bin/../lib/gcc/arm-none-eabi/4.4.1/thumb2\libgcc.a(_dvmd_tls.o)
                              c:/program files (x86)/microsemi/softconsole v3.4/sourcery-g++/bin/../lib/gcc/arm-none-eabi/4.4.1/thumb2\libgcc.a(_udivsi3.o) (__aeabi_idiv0)

[...]
Memory Configuration

Name             Origin             Length             Attributes
ram              0x20000000         0x00010000         xrw
*default*        0x00000000         0xffffffff

Linker script and memory map

LOAD c:/program files (x86)/microsemi/softconsole v3.4/sourcery-g++/bin/../lib/gcc/arm-none-eabi/4.4.1/thumb2/crti.o
LOAD c:/program files (x86)/microsemi/softconsole v3.4/sourcery-g++/bin/../lib/gcc/arm-none-eabi/4.4.1/thumb2/crtbegin.o
LOAD ./Flash.o
LOAD ./main.o
LOAD C:/Users/S-SPACE/Desktop/Pratik/sf2_isp_using_uart_interface_demo_df/libero/SoftConsole/demo_MSS_CM3/demo_MSS_CM3_hw_platform/Debug/CMSIS/startup_gcc/startup_m2sxxx.o
LOAD C:/Users/S-SPACE/Desktop/Pratik/sf2_isp_using_uart_interface_demo_df/libero/SoftConsole/demo_MSS_CM3/demo_MSS_CM3_hw_platform/Debug/CMSIS/startup_gcc/newlib_stubs.o
LOAD C:\Users\S-SPACE\Desktop\Pratik\sf2_isp_using_uart_interface_demo_df\libero\SoftConsole\demo_MSS_CM3\demo_MSS_CM3_hw_platform\Debug\libdemo_MSS_CM3_hw_platform.a
START GROUP
LOAD c:/program files (x86)/microsemi/softconsole v3.4/sourcery-g++/bin/../lib/gcc/arm-none-eabi/4.4.1/thumb2\libgcc.a
LOAD c:/program files (x86)/microsemi/softconsole v3.4/sourcery-g++/bin/../lib/gcc/arm-none-eabi/4.4.1/../../../../arm-none-eabi/lib/thumb2\libc.a
END GROUP
LOAD c:/program files (x86)/microsemi/softconsole v3.4/sourcery-g++/bin/../lib/gcc/arm-none-eabi/4.4.1/thumb2/crtend.o
LOAD c:/program files (x86)/microsemi/softconsole v3.4/sourcery-g++/bin/../lib/gcc/arm-none-eabi/4.4.1/thumb2/crtn.o
START GROUP
LOAD c:/program files (x86)/microsemi/softconsole v3.4/sourcery-g++/bin/../lib/gcc/arm-none-eabi/4.4.1/../../../../arm-none-eabi/lib/thumb2\libc.a
LOAD c:/program files (x86)/microsemi/softconsole v3.4/sourcery-g++/bin/../lib/gcc/arm-none-eabi/4.4.1/thumb2\libgcc.a
LOAD c:/program files (x86)/microsemi/softconsole v3.4/sourcery-g++/bin/../lib/gcc/arm-none-eabi/4.4.1/../../../../arm-none-eabi/lib/thumb2\libm.a
END GROUP
                0x00000000                __DYNAMIC = 0x0
                0x20000000                RAM_START_ADDRESS = 0x20000000
                0x00010000                RAM_SIZE = 0x10000
                0x00001000                MAIN_STACK_SIZE = 0x1000
                0x00001000                MIN_SIZE_HEAP = 0x1000
                0x20010000                PROVIDE (__main_stack_start, (RAM_START_ADDRESS + RAM_SIZE))
                0x20010000                PROVIDE (_estack, __main_stack_start)
                0x00000000                PROVIDE (__mirrored_nvm, 0x0)
                0x00000000                PROVIDE (__smartfusion2_memory_remap, 0x0)

.vector_table   0x20000000      0x190
                0x20000000                __vector_table_load = LOADADDR (.vector_table)
                0x20000000                __vector_table_start = .
                0x20000000                __vector_table_vma_base_address = .
 *(.isr_vector)
 .isr_vector    0x20000000      0x190 C:/Users/S-SPACE/Desktop/Pratik/sf2_isp_using_uart_interface_demo_df/libero/SoftConsole/demo_MSS_CM3/demo_MSS_CM3_hw_platform/Debug/CMSIS/startup_gcc/startup_m2sxxx.o
                0x20000000                g_pfnVectors
                0x20000190                . = ALIGN (0x10)
                0x20000190                _evector_table = .

.boot_code      0x20000190      0x330
 *(.boot_code)
 .boot_code     0x20000190      0x330 C:/Users/S-SPACE/Desktop/Pratik/sf2_isp_using_uart_interface_demo_df/libero/SoftConsole/demo_MSS_CM3/demo_MSS_CM3_hw_platform/Debug/CMSIS/startup_gcc/startup_m2sxxx.o
                0x20000190                Reset_Handler
                0x2000037e                NMI_Handler
                0x20000380                HardFault_Handler
                0x20000382                MemManage_Handler
                0x20000384                BusFault_Handler
                0x20000386                UsageFault_Handler
                0x20000388                SVC_Handler
                0x2000038a                DebugMon_Handler
                0x2000038c                PendSV_Handler
                0x2000038e                SysTick_Handler
                0x20000390                WdogWakeup_IRQHandler
                0x20000392                RTC_Wakeup_IRQHandler
                0x20000398                I2C0_IRQHandler
                0x2000039a                I2C0_SMBAlert_IRQHandler
                0x2000039c                I2C0_SMBus_IRQHandler
                0x2000039e                I2C1_IRQHandler
                0x200003a0                I2C1_SMBAlert_IRQHandler
                0x200003a2                I2C1_SMBus_IRQHandler
                0x200003a8                EthernetMAC_IRQHandler
                0x200003aa                DMA_IRQHandler
                0x200003ac                Timer1_IRQHandler
                0x200003ae                Timer2_IRQHandler
                0x200003b0                CAN_IRQHandler
                0x200003b2                ENVM0_IRQHandler
                0x200003b4                ENVM1_IRQHandler
                0x200003b8                USB_IRQHandler
                0x200003ba                USB_DMA_IRQHandler
                0x200003bc                PLL_Lock_IRQHandler
                0x200003be                PLL_LockLost_IRQHandler
                0x200003c0                CommSwitchError_IRQHandler
                0x200003c2                CacheError_IRQHandler
                0x200003c4                DDR_IRQHandler
                0x200003c6                HPDMA_Complete_IRQHandler
                0x200003c8                HPDMA_Error_IRQHandler
                0x200003ca                ECC_Error_IRQHandler
                0x200003cc                MDDR_IOCalib_IRQHandler
                0x200003ce                FAB_PLL_Lock_IRQHandler
                0x200003d0                FAB_PLL_LockLost_IRQHandler
                0x200003d2                FIC64_IRQHandler
                0x200003d4                FabricIrq0_IRQHandler
                0x200003d6                FabricIrq1_IRQHandler
                0x200003d8                FabricIrq2_IRQHandler
                0x200003da                FabricIrq3_IRQHandler
                0x200003dc                FabricIrq4_IRQHandler
                0x200003de                FabricIrq5_IRQHandler
                0x200003e0                FabricIrq6_IRQHandler
                0x200003e2                FabricIrq7_IRQHandler
                0x200003e4                FabricIrq8_IRQHandler
                0x200003e6                FabricIrq9_IRQHandler
                0x200003e8                FabricIrq10_IRQHandler
                0x200003ea                FabricIrq11_IRQHandler
                0x200003ec                FabricIrq12_IRQHandler
                0x200003ee                FabricIrq13_IRQHandler
                0x200003f0                FabricIrq14_IRQHandler
                0x200003f2                FabricIrq15_IRQHandler
                0x200003f4                GPIO0_IRQHandler
                0x200003f6                GPIO1_IRQHandler
                0x200003f8                GPIO2_IRQHandler
                0x200003fa                GPIO3_IRQHandler
                0x200003fc                GPIO4_IRQHandler
                0x200003fe                GPIO5_IRQHandler
                0x20000400                GPIO6_IRQHandler
                0x20000402                GPIO7_IRQHandler
                0x20000404                GPIO8_IRQHandler
                0x20000406                GPIO9_IRQHandler
                0x20000408                GPIO10_IRQHandler
                0x2000040a                GPIO11_IRQHandler
                0x2000040c                GPIO12_IRQHandler
                0x2000040e                GPIO13_IRQHandler
                0x20000410                GPIO14_IRQHandler
                0x20000412                GPIO15_IRQHandler
                0x20000414                GPIO16_IRQHandler
                0x20000416                GPIO17_IRQHandler
                0x20000418                GPIO18_IRQHandler
                0x2000041a                GPIO19_IRQHandler
                0x2000041c                GPIO20_IRQHandler
                0x2000041e                GPIO21_IRQHandler
                0x20000420                GPIO22_IRQHandler
                0x20000422                GPIO23_IRQHandler
                0x20000424                GPIO24_IRQHandler
                0x20000426                GPIO25_IRQHandler
                0x20000428                GPIO26_IRQHandler
                0x2000042a                GPIO27_IRQHandler
                0x2000042c                GPIO28_IRQHandler
                0x2000042e                GPIO29_IRQHandler
                0x20000430                GPIO30_IRQHandler
                0x20000432                GPIO31_IRQHandler
                0x20000434                mscc_post_hw_cfg_init
                0x200004c0                . = ALIGN (0x10)

.text           0x200004c0     0x4c40
 CREATE_OBJECT_SYMBOLS
                0x200004c0                __text_load = LOADADDR (.text)
                0x200004c0                __text_start = .
 *(.text .text.* .gnu.linkonce.t.*)
 .text          0x200004c0       0x30 c:/program files (x86)/microsemi/softconsole v3.4/sourcery-g++/bin/../lib/gcc/arm-none-eabi/4.4.1/thumb2/crtbegin.o
 .text.chk_busy
                0x200004f0       0x94 ./Flash.o
                0x200004f0                chk_busy
 .text.write_cmd_data
                0x20000584       0xf0 ./Flash.o
                0x20000584                write_cmd_data
 .text.FLASH_program
                0x20000674      0x1b0 ./Flash.o
                0x20000674                FLASH_program
 .text.flash_erase
                0x20000824       0x80 ./Flash.o
                0x20000824                flash_erase
 .text.Flash_write_enable
                0x200008a4       0xb4 ./Flash.o
                0x200008a4                Flash_write_enable
 .text.flash_read
                0x20000958       0x90 ./Flash.o
                0x20000958                flash_read
 .text.flash_fast_read
                0x200009e8       0x88 ./Flash.o
                0x200009e8                flash_fast_read
 .text.Read_mgf_id
                0x20000a70       0x68 ./Flash.o
                0x20000a70                Read_mgf_id
 .text.Flash_unblock_blocks
                0x20000ad8       0x60 ./Flash.o
                0x20000ad8                Flash_unblock_blocks
 .text.wait_ready
                0x20000b38       0x44 ./Flash.o
                0x20000b38                wait_ready
 .text.UART_Polled_Rx
                0x20000b7c       0x58 ./main.o
                0x20000b7c                UART_Polled_Rx
 .text.delay    0x20000bd4       0x24 ./main.o
                0x20000bd4                delay
 .text.page_read_handler
                0x20000bf8       0x34 ./main.o
                0x20000bf8                page_read_handler
 .text.write_to_spi
                0x20000c2c       0xec ./main.o
                0x20000c2c                write_to_spi
 .text.main     0x20000d18      0x570 ./main.o
                0x20000d18                main
 .text.isp_completion_handler
                0x20001288       0x6c ./main.o
                0x20001288                isp_completion_handler
 .text.read_page_from_host_through_uart
                0x200012f4      0x280 ./main.o
 .text.NVIC_ClearPendingIRQ
                0x20001574       0x3c C:\Users\S-SPACE\Desktop\Pratik\sf2_isp_using_uart_interface_demo_df\libero\SoftConsole\demo_MSS_CM3\demo_MSS_CM3_hw_platform\Debug\libdemo_MSS_CM3_hw_platform.a(mss_uart.o)
 .text.set_bit_reg8
                0x200015b0       0x40 C:\Users\S-SPACE\Desktop\Pratik\sf2_isp_using_uart_interface_demo_df\libero\SoftConsole\demo_MSS_CM3\demo_MSS_CM3_hw_platform\Debug\libdemo_MSS_CM3_hw_platform.a(mss_uart.o)
 .text.clear_bit_reg8
                0x200015f0       0x40 C:\Users\S-SPACE\Desktop\Pratik\sf2_isp_using_uart_interface_demo_df\libero\SoftConsole\demo_MSS_CM3\demo_MSS_CM3_hw_platform\Debug\libdemo_MSS_CM3_hw_platform.a(mss_uart.o)
 .text.read_bit_reg8
                0x20001630       0x40 C:\Users\S-SPACE\Desktop\Pratik\sf2_isp_using_uart_interface_demo_df\libero\SoftConsole\demo_MSS_CM3\demo_MSS_CM3_hw_platform\Debug\libdemo_MSS_CM3_hw_platform.a(mss_uart.o)
 .text.MSS_UART_init
                0x20001670       0x84 C:\Users\S-SPACE\Desktop\Pratik\sf2_isp_using_uart_interface_demo_df\libero\SoftConsole\demo_MSS_CM3\demo_MSS_CM3_hw_platform\Debug\libdemo_MSS_CM3_hw_platform.a(mss_uart.o)
                0x20001670                MSS_UART_init
 .text.MSS_UART_polled_tx
                0x200016f4       0xe4 C:\Users\S-SPACE\Desktop\Pratik\sf2_isp_using_uart_interface_demo_df\libero\SoftConsole\demo_MSS_CM3\demo_MSS_CM3_hw_platform\Debug\libdemo_MSS_CM3_hw_platform.a(mss_uart.o)
                0x200016f4                MSS_UART_polled_tx
 .text.UART0_IRQHandler
                0x200017d8       0x24 C:\Users\S-SPACE\Desktop\Pratik\sf2_isp_using_uart_interface_demo_df\libero\SoftConsole\demo_MSS_CM3\demo_MSS_CM3_hw_platform\Debug\libdemo_MSS_CM3_hw_platform.a(mss_uart.o)
                0x200017d8                UART0_IRQHandler
 .text.UART1_IRQHandler
                0x200017fc       0x24 C:\Users\S-SPACE\Desktop\Pratik\sf2_isp_using_uart_interface_demo_df\libero\SoftConsole\demo_MSS_CM3\demo_MSS_CM3_hw_platform\Debug\libdemo_MSS_CM3_hw_platform.a(mss_uart.o)
                0x200017fc                UART1_IRQHandler
 .text.config_baud_divisors
                0x20001820      0x198 C:\Users\S-SPACE\Desktop\Pratik\sf2_isp_using_uart_interface_demo_df\libero\SoftConsole\demo_MSS_CM3\demo_MSS_CM3_hw_platform\Debug\libdemo_MSS_CM3_hw_platform.a(mss_uart.o)
 .text.global_init
                0x200019b8      0x26c C:\Users\S-SPACE\Desktop\Pratik\sf2_isp_using_uart_interface_demo_df\libero\SoftConsole\demo_MSS_CM3\demo_MSS_CM3_hw_platform\Debug\libdemo_MSS_CM3_hw_platform.a(mss_uart.o)
 .text.MSS_UART_isr
                0x20001c24      0x22c C:\Users\S-SPACE\Desktop\Pratik\sf2_isp_using_uart_interface_demo_df\libero\SoftConsole\demo_MSS_CM3\demo_MSS_CM3_hw_platform\Debug\libdemo_MSS_CM3_hw_platform.a(mss_uart.o)
 .text.default_tx_handler
                0x20001e50      0x10c C:\Users\S-SPACE\Desktop\Pratik\sf2_isp_using_uart_interface_demo_df\libero\SoftConsole\demo_MSS_CM3\demo_MSS_CM3_hw_platform\Debug\libdemo_MSS_CM3_hw_platform.a(mss_uart.o)
 .text.MSS_SYS_init
                0x20001f5c       0x64 C:\Users\S-SPACE\Desktop\Pratik\sf2_isp_using_uart_interface_demo_df\libero\SoftConsole\demo_MSS_CM3\demo_MSS_CM3_hw_platform\Debug\libdemo_MSS_CM3_hw_platform.a(mss_sys_services.o)
                0x20001f5c                MSS_SYS_init
 .text.asynchronous_event_handler
                0x20001fc0      0x12c C:\Users\S-SPACE\Desktop\Pratik\sf2_isp_using_uart_interface_demo_df\libero\SoftConsole\demo_MSS_CM3\demo_MSS_CM3_hw_platform\Debug\libdemo_MSS_CM3_hw_platform.a(mss_sys_services.o)
 .text.determine_seq
                0x200020ec       0xc8 C:\Users\S-SPACE\Desktop\Pratik\sf2_isp_using_uart_interface_demo_df\libero\SoftConsole\demo_MSS_CM3\demo_MSS_CM3_hw_platform\Debug\libdemo_MSS_CM3_hw_platform.a(mss_sys_services.o)
 .text.clk_switching_fix
                0x200021b4      0x3a0 C:\Users\S-SPACE\Desktop\Pratik\sf2_isp_using_uart_interface_demo_df\libero\SoftConsole\demo_MSS_CM3\demo_MSS_CM3_hw_platform\Debug\libdemo_MSS_CM3_hw_platform.a(mss_sys_services.o)
 .text.revert_clk_config
                0x20002554      0x254 C:\Users\S-SPACE\Desktop\Pratik\sf2_isp_using_uart_interface_demo_df\libero\SoftConsole\demo_MSS_CM3\demo_MSS_CM3_hw_platform\Debug\libdemo_MSS_CM3_hw_platform.a(mss_sys_services.o)
 .text.isp_page_read_handler
                0x200027a8       0xa8 C:\Users\S-SPACE\Desktop\Pratik\sf2_isp_using_uart_interface_demo_df\libero\SoftConsole\demo_MSS_CM3\demo_MSS_CM3_hw_platform\Debug\libdemo_MSS_CM3_hw_platform.a(mss_sys_services.o)
 .text.isp_sys_completion_handler
                0x20002850       0x70 C:\Users\S-SPACE\Desktop\Pratik\sf2_isp_using_uart_interface_demo_df\libero\SoftConsole\demo_MSS_CM3\demo_MSS_CM3_hw_platform\Debug\libdemo_MSS_CM3_hw_platform.a(mss_sys_services.o)
 .text.MSS_SYS_start_isp
                0x200028c0      0x154 C:\Users\S-SPACE\Desktop\Pratik\sf2_isp_using_uart_interface_demo_df\libero\SoftConsole\demo_MSS_CM3\demo_MSS_CM3_hw_platform\Debug\libdemo_MSS_CM3_hw_platform.a(mss_sys_services.o)
                0x200028c0                MSS_SYS_start_isp
 .text.MSS_SYS_initiate_iap
                0x20002a14      0x198 C:\Users\S-SPACE\Desktop\Pratik\sf2_isp_using_uart_interface_demo_df\libero\SoftConsole\demo_MSS_CM3\demo_MSS_CM3_hw_platform\Debug\libdemo_MSS_CM3_hw_platform.a(mss_sys_services.o)
                0x20002a14                MSS_SYS_initiate_iap
 .text.MSS_SYS_check_digest
                0x20002bac      0x108 C:\Users\S-SPACE\Desktop\Pratik\sf2_isp_using_uart_interface_demo_df\libero\SoftConsole\demo_MSS_CM3\demo_MSS_CM3_hw_platform\Debug\libdemo_MSS_CM3_hw_platform.a(mss_sys_services.o)
                0x20002bac                MSS_SYS_check_digest
 .text.request_completion_handler
                0x20002cb4       0x30 C:\Users\S-SPACE\Desktop\Pratik\sf2_isp_using_uart_interface_demo_df\libero\SoftConsole\demo_MSS_CM3\demo_MSS_CM3_hw_platform\Debug\libdemo_MSS_CM3_hw_platform.a(mss_sys_services.o)
 .text.signal_request_start
                0x20002ce4       0x38 C:\Users\S-SPACE\Desktop\Pratik\sf2_isp_using_uart_interface_demo_df\libero\SoftConsole\demo_MSS_CM3\demo_MSS_CM3_hw_platform\Debug\libdemo_MSS_CM3_hw_platform.a(mss_sys_services.o)
 .text.wait_for_request_completion
                0x20002d1c       0x28 C:\Users\S-SPACE\Desktop\Pratik\sf2_isp_using_uart_interface_demo_df\libero\SoftConsole\demo_MSS_CM3\demo_MSS_CM3_hw_platform\Debug\libdemo_MSS_CM3_hw_platform.a(mss_sys_services.o)
 .text.NVIC_EnableIRQ
                0x20002d44       0x38 C:\Users\S-SPACE\Desktop\Pratik\sf2_isp_using_uart_interface_demo_df\libero\SoftConsole\demo_MSS_CM3\demo_MSS_CM3_hw_platform\Debug\libdemo_MSS_CM3_hw_platform.a(mss_spi.o)
 .text.NVIC_DisableIRQ
                0x20002d7c       0x3c C:\Users\S-SPACE\Desktop\Pratik\sf2_isp_using_uart_interface_demo_df\libero\SoftConsole\demo_MSS_CM3\demo_MSS_CM3_hw_platform\Debug\libdemo_MSS_CM3_hw_platform.a(mss_spi.o)
 .text.NVIC_ClearPendingIRQ
                0x20002db8       0x3c C:\Users\S-SPACE\Desktop\Pratik\sf2_isp_using_uart_interface_demo_df\libero\SoftConsole\demo_MSS_CM3\demo_MSS_CM3_hw_platform\Debug\libdemo_MSS_CM3_hw_platform.a(mss_spi.o)
 .text.MSS_SPI_init
                0x20002df4      0x134 C:\Users\S-SPACE\Desktop\Pratik\sf2_isp_using_uart_interface_demo_df\libero\SoftConsole\demo_MSS_CM3\demo_MSS_CM3_hw_platform\Debug\libdemo_MSS_CM3_hw_platform.a(mss_spi.o)
                0x20002df4                MSS_SPI_init
 .text.recover_from_rx_overflow
                0x20002f28      0x160 C:\Users\S-SPACE\Desktop\Pratik\sf2_isp_using_uart_interface_demo_df\libero\SoftConsole\demo_MSS_CM3\demo_MSS_CM3_hw_platform\Debug\libdemo_MSS_CM3_hw_platform.a(mss_spi.o)
 .text.MSS_SPI_configure_master_mode
                0x20003088      0x150 C:\Users\S-SPACE\Desktop\Pratik\sf2_isp_using_uart_interface_demo_df\libero\SoftConsole\demo_MSS_CM3\demo_MSS_CM3_hw_platform\Debug\libdemo_MSS_CM3_hw_platform.a(mss_spi.o)
                0x20003088                MSS_SPI_configure_master_mode
 .text.MSS_SPI_set_slave_select
                0x200031d8      0x108 C:\Users\S-SPACE\Desktop\Pratik\sf2_isp_using_uart_interface_demo_df\libero\SoftConsole\demo_MSS_CM3\demo_MSS_CM3_hw_platform\Debug\libdemo_MSS_CM3_hw_platform.a(mss_spi.o)
                0x200031d8                MSS_SPI_set_slave_select
 .text.MSS_SPI_clear_slave_select
                0x200032e0       0x90 C:\Users\S-SPACE\Desktop\Pratik\sf2_isp_using_uart_interface_demo_df\libero\SoftConsole\demo_MSS_CM3\demo_MSS_CM3_hw_platform\Debug\libdemo_MSS_CM3_hw_platform.a(mss_spi.o)
                0x200032e0                MSS_SPI_clear_slave_select
 .text.MSS_SPI_transfer_block
                0x20003370      0x228 C:\Users\S-SPACE\Desktop\Pratik\sf2_isp_using_uart_interface_demo_df\libero\SoftConsole\demo_MSS_CM3\demo_MSS_CM3_hw_platform\Debug\libdemo_MSS_CM3_hw_platform.a(mss_spi.o)
                0x20003370                MSS_SPI_transfer_block
 .text.fill_slave_tx_fifo
                0x20003598       0xe0 C:\Users\S-SPACE\Desktop\Pratik\sf2_isp_using_uart_interface_demo_df\libero\SoftConsole\demo_MSS_CM3\demo_MSS_CM3_hw_platform\Debug\libdemo_MSS_CM3_hw_platform.a(mss_spi.o)
 .text.read_slave_rx_fifo
                0x20003678       0xac C:\Users\S-SPACE\Desktop\Pratik\sf2_isp_using_uart_interface_demo_df\libero\SoftConsole\demo_MSS_CM3\demo_MSS_CM3_hw_platform\Debug\libdemo_MSS_CM3_hw_platform.a(mss_spi.o)
 .text.mss_spi_isr
                0x20003724      0x2b0 C:\Users\S-SPACE\Desktop\Pratik\sf2_isp_using_uart_interface_demo_df\libero\SoftConsole\demo_MSS_CM3\demo_MSS_CM3_hw_platform\Debug\libdemo_MSS_CM3_hw_platform.a(mss_spi.o)
 .text.SPI0_IRQHandler
                0x200039d4       0x24 C:\Users\S-SPACE\Desktop\Pratik\sf2_isp_using_uart_interface_demo_df\libero\SoftConsole\demo_MSS_CM3\demo_MSS_CM3_hw_platform\Debug\libdemo_MSS_CM3_hw_platform.a(mss_spi.o)
                0x200039d4                SPI0_IRQHandler
 .text.SPI1_IRQHandler
                0x200039f8       0x24 C:\Users\S-SPACE\Desktop\Pratik\sf2_isp_using_uart_interface_demo_df\libero\SoftConsole\demo_MSS_CM3\demo_MSS_CM3_hw_platform\Debug\libdemo_MSS_CM3_hw_platform.a(mss_spi.o)
                0x200039f8                SPI1_IRQHandler
 .text.SystemInit
                0x20003a1c       0x28 C:\Users\S-SPACE\Desktop\Pratik\sf2_isp_using_uart_interface_demo_df\libero\SoftConsole\demo_MSS_CM3\demo_MSS_CM3_hw_platform\Debug\libdemo_MSS_CM3_hw_platform.a(system_m2sxxx.o)
                0x20003a1c                SystemInit
 .text.SystemCoreClockUpdate
                0x20003a44      0x14c C:\Users\S-SPACE\Desktop\Pratik\sf2_isp_using_uart_interface_demo_df\libero\SoftConsole\demo_MSS_CM3\demo_MSS_CM3_hw_platform\Debug\libdemo_MSS_CM3_hw_platform.a(system_m2sxxx.o)
                0x20003a44                SystemCoreClockUpdate
 .text.get_rcosc_25_50mhz_frequency
                0x20003b90       0x44 C:\Users\S-SPACE\Desktop\Pratik\sf2_isp_using_uart_interface_demo_df\libero\SoftConsole\demo_MSS_CM3\demo_MSS_CM3_hw_platform\Debug\libdemo_MSS_CM3_hw_platform.a(system_m2sxxx.o)
 .text.set_clock_frequency_globals
                0x20003bd4       0x6c C:\Users\S-SPACE\Desktop\Pratik\sf2_isp_using_uart_interface_demo_df\libero\SoftConsole\demo_MSS_CM3\demo_MSS_CM3_hw_platform\Debug\libdemo_MSS_CM3_hw_platform.a(system_m2sxxx.o)
 .text.get_silicon_revision
                0x20003c40       0x50 C:\Users\S-SPACE\Desktop\Pratik\sf2_isp_using_uart_interface_demo_df\libero\SoftConsole\demo_MSS_CM3\demo_MSS_CM3_hw_platform\Debug\libdemo_MSS_CM3_hw_platform.a(system_m2sxxx.o)
 .text.silicon_workarounds
                0x20003c90       0x20 C:\Users\S-SPACE\Desktop\Pratik\sf2_isp_using_uart_interface_demo_df\libero\SoftConsole\demo_MSS_CM3\demo_MSS_CM3_hw_platform\Debug\libdemo_MSS_CM3_hw_platform.a(system_m2sxxx.o)
 .text.m2s050_rev_a_workarounds
                0x20003cb0       0x44 C:\Users\S-SPACE\Desktop\Pratik\sf2_isp_using_uart_interface_demo_df\libero\SoftConsole\demo_MSS_CM3\demo_MSS_CM3_hw_platform\Debug\libdemo_MSS_CM3_hw_platform.a(system_m2sxxx.o)
 .text.NVIC_EnableIRQ
                0x20003cf4       0x38 C:\Users\S-SPACE\Desktop\Pratik\sf2_isp_using_uart_interface_demo_df\libero\SoftConsole\demo_MSS_CM3\demo_MSS_CM3_hw_platform\Debug\libdemo_MSS_CM3_hw_platform.a(mss_comblk.o)
 .text.NVIC_DisableIRQ
                0x20003d2c       0x3c C:\Users\S-SPACE\Desktop\Pratik\sf2_isp_using_uart_interface_demo_df\libero\SoftConsole\demo_MSS_CM3\demo_MSS_CM3_hw_platform\Debug\libdemo_MSS_CM3_hw_platform.a(mss_comblk.o)
 .text.NVIC_ClearPendingIRQ
                0x20003d68       0x3c C:\Users\S-SPACE\Desktop\Pratik\sf2_isp_using_uart_interface_demo_df\libero\SoftConsole\demo_MSS_CM3\demo_MSS_CM3_hw_platform\Debug\libdemo_MSS_CM3_hw_platform.a(mss_comblk.o)
 .text.MSS_COMBLK_init
                0x20003da4      0x13c C:\Users\S-SPACE\Desktop\Pratik\sf2_isp_using_uart_interface_demo_df\libero\SoftConsole\demo_MSS_CM3\demo_MSS_CM3_hw_platform\Debug\libdemo_MSS_CM3_hw_platform.a(mss_comblk.o)
                0x20003da4                MSS_COMBLK_init
 .text.MSS_COMBLK_send_cmd
                0x20003ee0      0x1ac C:\Users\S-SPACE\Desktop\Pratik\sf2_isp_using_uart_interface_demo_df\libero\SoftConsole\demo_MSS_CM3\demo_MSS_CM3_hw_platform\Debug\libdemo_MSS_CM3_hw_platform.a(mss_comblk.o)
                0x20003ee0                MSS_COMBLK_send_cmd
 .text.MSS_COMBLK_send_paged_cmd
                0x2000408c      0x1a4 C:\Users\S-SPACE\Desktop\Pratik\sf2_isp_using_uart_interface_demo_df\libero\SoftConsole\demo_MSS_CM3\demo_MSS_CM3_hw_platform\Debug\libdemo_MSS_CM3_hw_platform.a(mss_comblk.o)
                0x2000408c                MSS_COMBLK_send_paged_cmd
 .text.ComBlk_IRQHandler
                0x20004230       0x54 C:\Users\S-SPACE\Desktop\Pratik\sf2_isp_using_uart_interface_demo_df\libero\SoftConsole\demo_MSS_CM3\demo_MSS_CM3_hw_platform\Debug\libdemo_MSS_CM3_hw_platform.a(mss_comblk.o)
                0x20004230                ComBlk_IRQHandler
 .text.handle_tx_okay_irq
                0x20004284      0x2c4 C:\Users\S-SPACE\Desktop\Pratik\sf2_isp_using_uart_interface_demo_df\libero\SoftConsole\demo_MSS_CM3\demo_MSS_CM3_hw_platform\Debug\libdemo_MSS_CM3_hw_platform.a(mss_comblk.o)
 .text.handle_rx_okay_irq
                0x20004548      0x2f8 C:\Users\S-SPACE\Desktop\Pratik\sf2_isp_using_uart_interface_demo_df\libero\SoftConsole\demo_MSS_CM3\demo_MSS_CM3_hw_platform\Debug\libdemo_MSS_CM3_hw_platform.a(mss_comblk.o)
 .text.complete_request
                0x20004840       0x58 C:\Users\S-SPACE\Desktop\Pratik\sf2_isp_using_uart_interface_demo_df\libero\SoftConsole\demo_MSS_CM3\demo_MSS_CM3_hw_platform\Debug\libdemo_MSS_CM3_hw_platform.a(mss_comblk.o)
 .text.abort_current_cmd
                0x20004898       0x60 C:\Users\S-SPACE\Desktop\Pratik\sf2_isp_using_uart_interface_demo_df\libero\SoftConsole\demo_MSS_CM3\demo_MSS_CM3_hw_platform\Debug\libdemo_MSS_CM3_hw_platform.a(mss_comblk.o)
 .text.send_cmd_opcode
                0x200048f8       0x50 C:\Users\S-SPACE\Desktop\Pratik\sf2_isp_using_uart_interface_demo_df\libero\SoftConsole\demo_MSS_CM3\demo_MSS_CM3_hw_platform\Debug\libdemo_MSS_CM3_hw_platform.a(mss_comblk.o)
 .text.fill_tx_fifo
                0x20004948       0x80 C:\Users\S-SPACE\Desktop\Pratik\sf2_isp_using_uart_interface_demo_df\libero\SoftConsole\demo_MSS_CM3\demo_MSS_CM3_hw_platform\Debug\libdemo_MSS_CM3_hw_platform.a(mss_comblk.o)
 .text.process_sys_ctrl_command
                0x200049c8       0x30 C:\Users\S-SPACE\Desktop\Pratik\sf2_isp_using_uart_interface_demo_df\libero\SoftConsole\demo_MSS_CM3\demo_MSS_CM3_hw_platform\Debug\libdemo_MSS_CM3_hw_platform.a(mss_comblk.o)
 .text          0x200049f8       0x10 c:/program files (x86)/microsemi/softconsole v3.4/sourcery-g++/bin/../lib/gcc/arm-none-eabi/4.4.1/../../../../arm-none-eabi/lib/thumb2\libc.a(lib_a-atoi.o)
                0x200049f8                _atoi_r
                0x20004a00                atoi
 .text          0x20004a08       0x50 c:/program files (x86)/microsemi/softconsole v3.4/sourcery-g++/bin/../lib/gcc/arm-none-eabi/4.4.1/../../../../arm-none-eabi/lib/thumb2\libc.a(lib_a-init.o)
                0x20004a08                __libc_init_array
 .text          0x20004a58       0x64 c:/program files (x86)/microsemi/softconsole v3.4/sourcery-g++/bin/../lib/gcc/arm-none-eabi/4.4.1/../../../../arm-none-eabi/lib/thumb2\libc.a(lib_a-memcmp.o)
                0x20004a58                memcmp
 .text          0x20004abc       0xd4 c:/program files (x86)/microsemi/softconsole v3.4/sourcery-g++/bin/../lib/gcc/arm-none-eabi/4.4.1/../../../../arm-none-eabi/lib/thumb2\libc.a(lib_a-memset.o)
                0x20004abc                memset
 .text          0x20004b90      0x158 c:/program files (x86)/microsemi/softconsole v3.4/sourcery-g++/bin/../lib/gcc/arm-none-eabi/4.4.1/../../../../arm-none-eabi/lib/thumb2\libc.a(lib_a-strtol.o)
                0x20004b90                _strtol_r
                0x20004cd0                strtol
 .text          0x20004ce8      0x278 c:/program files (x86)/microsemi/softconsole v3.4/sourcery-g++/bin/../lib/gcc/arm-none-eabi/4.4.1/thumb2\libgcc.a(_udivsi3.o)
                0x20004ce8                __aeabi_uidiv
                0x20004ce8                __udivsi3
                0x20004f44                __aeabi_uidivmod
 .text          0x20004f60        0x4 c:/program files (x86)/microsemi/softconsole v3.4/sourcery-g++/bin/../lib/gcc/arm-none-eabi/4.4.1/thumb2\libgcc.a(_dvmd_tls.o)
                0x20004f60                __aeabi_idiv0
                0x20004f60                __aeabi_ldiv0
 *(.plt)
 *(.gnu.warning)
 *(.glue_7t)
 .glue_7t       0x00000000        0x0 linker stubs
 *(.glue_7)
 .glue_7        0x00000000        0x0 linker stubs
 *(.vfp11_veneer)
 .vfp11_veneer  0x00000000        0x0 linker stubs
                0x20004f64                . = ALIGN (0x4)
 *crtbegin.o(.ctors)
 *(EXCLUDE_FILE(*crtend.o) .ctors)
 *(SORT(.ctors.*))
 *crtend.o(.ctors)
 *crtbegin.o(.dtors)
 *(EXCLUDE_FILE(*crtend.o) .dtors)
 *(SORT(.dtors.*))
 *crtend.o(.dtors)
 *(.rodata .rodata.* .gnu.linkonce.r.*)
 .rodata.gp_my_uart
                0x20004f64        0x4 ./main.o
                0x20004f64                gp_my_uart
 .rodata        0x20004f68       0x58 ./main.o
 .rodata.C.31.5392
                0x20004fc0        0x4 ./main.o
 .rodata.C.34.5399
                0x20004fc4        0x4 ./main.o
 .rodata.C.18.3527
                0x20004fc8        0x8 C:\Users\S-SPACE\Desktop\Pratik\sf2_isp_using_uart_interface_demo_df\libero\SoftConsole\demo_MSS_CM3\demo_MSS_CM3_hw_platform\Debug\libdemo_MSS_CM3_hw_platform.a(system_m2sxxx.o)
 .rodata.str1.4
                0x20004fd0        0x4 c:/program files (x86)/microsemi/softconsole v3.4/sourcery-g++/bin/../lib/gcc/arm-none-eabi/4.4.1/../../../../arm-none-eabi/lib/thumb2\libc.a(lib_a-impure.o)
 .rodata        0x20004fd4      0x104 c:/program files (x86)/microsemi/softconsole v3.4/sourcery-g++/bin/../lib/gcc/arm-none-eabi/4.4.1/../../../../arm-none-eabi/lib/thumb2\libc.a(lib_a-ctype_.o)
                0x20004fd4                _ctype_
 *(.ARM.extab* .gnu.linkonce.armextab.*)
 *(.gcc_except_table)
 *(.eh_frame_hdr)
 *(.eh_frame)
 *(.vector_table)
 *(.init)
 .init          0x200050d8        0x4 c:/program files (x86)/microsemi/softconsole v3.4/sourcery-g++/bin/../lib/gcc/arm-none-eabi/4.4.1/thumb2/crti.o
                0x200050d8                _init
 .init          0x200050dc        0x8 c:/program files (x86)/microsemi/softconsole v3.4/sourcery-g++/bin/../lib/gcc/arm-none-eabi/4.4.1/thumb2/crtn.o
 *(.fini)
 .fini          0x200050e4        0x4 c:/program files (x86)/microsemi/softconsole v3.4/sourcery-g++/bin/../lib/gcc/arm-none-eabi/4.4.1/thumb2/crti.o
                0x200050e4                _fini
 .fini          0x200050e8        0x8 c:/program files (x86)/microsemi/softconsole v3.4/sourcery-g++/bin/../lib/gcc/arm-none-eabi/4.4.1/thumb2/crtn.o
                0x200050f0                PROVIDE (__preinit_array_start, .)
 *(.preinit_array)
                0x200050f0                PROVIDE (__preinit_array_end, .)
                0x200050f0                PROVIDE (__init_array_start, .)
 *(SORT(.init_array.*))
 *(.init_array)
 .init_array    0x200050f0        0x4 c:/program files (x86)/microsemi/softconsole v3.4/sourcery-g++/bin/../lib/gcc/arm-none-eabi/4.4.1/thumb2/crtbegin.o
                0x200050f4                PROVIDE (__init_array_end, .)
                0x200050f4                PROVIDE (__fini_array_start, .)
 *(.fini_array)
 .fini_array    0x200050f4        0x4 c:/program files (x86)/microsemi/softconsole v3.4/sourcery-g++/bin/../lib/gcc/arm-none-eabi/4.4.1/thumb2/crtbegin.o
 *(SORT(.fini_array.*))
                0x200050f8                PROVIDE (__fini_array_end, .)
                0x20005100                . = ALIGN (0x10)
 *fill*         0x200050f8        0x8 00
                0x20005100                __exidx_start = .

.v4_bx          0x20005100        0x0
 .v4_bx         0x00000000        0x0 linker stubs

.ARM.exidx
 *(.ARM.exidx* .gnu.linkonce.armexidx.*)
                0x20005100                __exidx_end = .
                0x20005100                _etext = .
                0x20005100                PROVIDE (__text_end, .)

.data           0x20005100      0x150
                0x20005100                __data_load = LOADADDR (.data)
                0x20005100                _sidata = LOADADDR (.data)
                0x20005100                __data_start = .
                0x20005100                _sdata = .
 *(.jcr)
 .jcr           0x20005100        0x0 c:/program files (x86)/microsemi/softconsole v3.4/sourcery-g++/bin/../lib/gcc/arm-none-eabi/4.4.1/thumb2/crtbegin.o
 .jcr           0x20005100        0x4 c:/program files (x86)/microsemi/softconsole v3.4/sourcery-g++/bin/../lib/gcc/arm-none-eabi/4.4.1/thumb2/crtend.o
 *(.got.plt)
 *(.got)
 *(.shdata)
 *(.data .data.* .gnu.linkonce.d.*)
 .data.cmd      0x20005104        0x1 ./Flash.o
                0x20005104                cmd
 *fill*         0x20005105        0x3 00
 .data.div1_seq
                0x20005108        0x4 C:\Users\S-SPACE\Desktop\Pratik\sf2_isp_using_uart_interface_demo_df\libero\SoftConsole\demo_MSS_CM3\demo_MSS_CM3_hw_platform\Debug\libdemo_MSS_CM3_hw_platform.a(mss_sys_services.o)
                0x20005108                div1_seq
 .data.div2_seq
                0x2000510c        0x4 C:\Users\S-SPACE\Desktop\Pratik\sf2_isp_using_uart_interface_demo_df\libero\SoftConsole\demo_MSS_CM3\demo_MSS_CM3_hw_platform\Debug\libdemo_MSS_CM3_hw_platform.a(mss_sys_services.o)
                0x2000510c                div2_seq
 .data.div4_seq
                0x20005110        0x8 C:\Users\S-SPACE\Desktop\Pratik\sf2_isp_using_uart_interface_demo_df\libero\SoftConsole\demo_MSS_CM3\demo_MSS_CM3_hw_platform\Debug\libdemo_MSS_CM3_hw_platform.a(mss_sys_services.o)
                0x20005110                div4_seq
 .data.div8_seq
                0x20005118        0x4 C:\Users\S-SPACE\Desktop\Pratik\sf2_isp_using_uart_interface_demo_df\libero\SoftConsole\demo_MSS_CM3\demo_MSS_CM3_hw_platform\Debug\libdemo_MSS_CM3_hw_platform.a(mss_sys_services.o)
                0x20005118                div8_seq
 .data.div16_seq
                0x2000511c        0x4 C:\Users\S-SPACE\Desktop\Pratik\sf2_isp_using_uart_interface_demo_df\libero\SoftConsole\demo_MSS_CM3\demo_MSS_CM3_hw_platform\Debug\libdemo_MSS_CM3_hw_platform.a(mss_sys_services.o)
                0x2000511c                div16_seq
 .data.div32_seq
                0x20005120        0x4 C:\Users\S-SPACE\Desktop\Pratik\sf2_isp_using_uart_interface_demo_df\libero\SoftConsole\demo_MSS_CM3\demo_MSS_CM3_hw_platform\Debug\libdemo_MSS_CM3_hw_platform.a(mss_sys_services.o)
                0x20005120                div32_seq
 .data.g_initial_envm_cr
                0x20005124        0x4 C:\Users\S-SPACE\Desktop\Pratik\sf2_isp_using_uart_interface_demo_df\libero\SoftConsole\demo_MSS_CM3\demo_MSS_CM3_hw_platform\Debug\libdemo_MSS_CM3_hw_platform.a(mss_sys_services.o)
 .data.wait_for_clock_switch
                0x20005128        0x1 C:\Users\S-SPACE\Desktop\Pratik\sf2_isp_using_uart_interface_demo_df\libero\SoftConsole\demo_MSS_CM3\demo_MSS_CM3_hw_platform\Debug\libdemo_MSS_CM3_hw_platform.a(mss_sys_services.o)
 *fill*         0x20005129        0x3 00
 .data.SystemCoreClock
                0x2000512c        0x4 C:\Users\S-SPACE\Desktop\Pratik\sf2_isp_using_uart_interface_demo_df\libero\SoftConsole\demo_MSS_CM3\demo_MSS_CM3_hw_platform\Debug\libdemo_MSS_CM3_hw_platform.a(system_m2sxxx.o)
                0x2000512c                SystemCoreClock
 .data.g_FrequencyPCLK0
                0x20005130        0x4 C:\Users\S-SPACE\Desktop\Pratik\sf2_isp_using_uart_interface_demo_df\libero\SoftConsole\demo_MSS_CM3\demo_MSS_CM3_hw_platform\Debug\libdemo_MSS_CM3_hw_platform.a(system_m2sxxx.o)
                0x20005130                g_FrequencyPCLK0
 .data.g_FrequencyPCLK1
                0x20005134        0x4 C:\Users\S-SPACE\Desktop\Pratik\sf2_isp_using_uart_interface_demo_df\libero\SoftConsole\demo_MSS_CM3\demo_MSS_CM3_hw_platform\Debug\libdemo_MSS_CM3_hw_platform.a(system_m2sxxx.o)
                0x20005134                g_FrequencyPCLK1
 .data.g_FrequencyPCLK2
                0x20005138        0x4 C:\Users\S-SPACE\Desktop\Pratik\sf2_isp_using_uart_interface_demo_df\libero\SoftConsole\demo_MSS_CM3\demo_MSS_CM3_hw_platform\Debug\libdemo_MSS_CM3_hw_platform.a(system_m2sxxx.o)
                0x20005138                g_FrequencyPCLK2
 .data.g_FrequencyFIC0
                0x2000513c        0x4 C:\Users\S-SPACE\Desktop\Pratik\sf2_isp_using_uart_interface_demo_df\libero\SoftConsole\demo_MSS_CM3\demo_MSS_CM3_hw_platform\Debug\libdemo_MSS_CM3_hw_platform.a(system_m2sxxx.o)
                0x2000513c                g_FrequencyFIC0
 .data.g_FrequencyFIC1
                0x20005140        0x4 C:\Users\S-SPACE\Desktop\Pratik\sf2_isp_using_uart_interface_demo_df\libero\SoftConsole\demo_MSS_CM3\demo_MSS_CM3_hw_platform\Debug\libdemo_MSS_CM3_hw_platform.a(system_m2sxxx.o)
                0x20005140                g_FrequencyFIC1
 .data.g_FrequencyFIC64
                0x20005144        0x4 C:\Users\S-SPACE\Desktop\Pratik\sf2_isp_using_uart_interface_demo_df\libero\SoftConsole\demo_MSS_CM3\demo_MSS_CM3_hw_platform\Debug\libdemo_MSS_CM3_hw_platform.a(system_m2sxxx.o)
                0x20005144                g_FrequencyFIC64
 .data          0x20005148       0xf4 c:/program files (x86)/microsemi/softconsole v3.4/sourcery-g++/bin/../lib/gcc/arm-none-eabi/4.4.1/../../../../arm-none-eabi/lib/thumb2\libc.a(lib_a-impure.o)
                0x20005148                _impure_ptr
 .data          0x2000523c        0x8 c:/program files (x86)/microsemi/softconsole v3.4/sourcery-g++/bin/../lib/gcc/arm-none-eabi/4.4.1/../../../../arm-none-eabi/lib/thumb2\libc.a(lib_a-ctype_.o)
                0x2000523c                __ctype_ptr
                0x20005240                __ctype_ptr__
                0x20005250                . = ALIGN (0x10)
 *fill*         0x20005244        0xc 00
                0x20005250                _edata = .

.bss            0x20005250     0x3430
                0x20005250                __bss_start__ = .
                0x20005250                _sbss = .
 *(.shbss)
 *(.bss .bss.* .gnu.linkonce.b.*)
 .bss           0x20005250        0x1 c:/program files (x86)/microsemi/softconsole v3.4/sourcery-g++/bin/../lib/gcc/arm-none-eabi/4.4.1/thumb2/crtbegin.o
 *fill*         0x20005251        0x3 00
 .bss.Flash_Read_Addr
                0x20005254        0x4 ./main.o
                0x20005254                Flash_Read_Addr
 .bss.spi_offset
                0x20005258        0x4 ./main.o
                0x20005258                spi_offset
 .bss.g_src_image_target_address
                0x2000525c        0x4 ./main.o
 .bss.g_bkup    0x20005260        0x4 ./main.o
                0x20005260                g_bkup
 .bss.g_mode    0x20005264        0x1 ./main.o
                0x20005264                g_mode
 *fill*         0x20005265        0x3 00
 .bss.g_file_size
                0x20005268        0x4 ./main.o
 .bss.g_request_in_progress
                0x2000526c        0x1 C:\Users\S-SPACE\Desktop\Pratik\sf2_isp_using_uart_interface_demo_df\libero\SoftConsole\demo_MSS_CM3\demo_MSS_CM3_hw_platform\Debug\libdemo_MSS_CM3_hw_platform.a(mss_sys_services.o)
 *fill*         0x2000526d        0x1 00
 .bss.g_last_response_length
                0x2000526e        0x2 C:\Users\S-SPACE\Desktop\Pratik\sf2_isp_using_uart_interface_demo_df\libero\SoftConsole\demo_MSS_CM3\demo_MSS_CM3_hw_platform\Debug\libdemo_MSS_CM3_hw_platform.a(mss_sys_services.o)
 .bss.g_event_handler
                0x20005270        0x4 C:\Users\S-SPACE\Desktop\Pratik\sf2_isp_using_uart_interface_demo_df\libero\SoftConsole\demo_MSS_CM3\demo_MSS_CM3_hw_platform\Debug\libdemo_MSS_CM3_hw_platform.a(mss_sys_services.o)
 .bss.g_response
                0x20005274        0x4 C:\Users\S-SPACE\Desktop\Pratik\sf2_isp_using_uart_interface_demo_df\libero\SoftConsole\demo_MSS_CM3\demo_MSS_CM3_hw_platform\Debug\libdemo_MSS_CM3_hw_platform.a(mss_sys_services.o)
 .bss.g_initial_mssddr_facc1_cr
                0x20005278        0x4 C:\Users\S-SPACE\Desktop\Pratik\sf2_isp_using_uart_interface_demo_df\libero\SoftConsole\demo_MSS_CM3\demo_MSS_CM3_hw_platform\Debug\libdemo_MSS_CM3_hw_platform.a(mss_sys_services.o)
 .bss.divisor   0x2000527c       0x10 C:\Users\S-SPACE\Desktop\Pratik\sf2_isp_using_uart_interface_demo_df\libero\SoftConsole\demo_MSS_CM3\demo_MSS_CM3_hw_platform\Debug\libdemo_MSS_CM3_hw_platform.a(mss_sys_services.o)
                0x2000527c                divisor
 .bss.g_isp_response
                0x2000528c        0x4 C:\Users\S-SPACE\Desktop\Pratik\sf2_isp_using_uart_interface_demo_df\libero\SoftConsole\demo_MSS_CM3\demo_MSS_CM3_hw_platform\Debug\libdemo_MSS_CM3_hw_platform.a(mss_sys_services.o)
 .bss.g_isp_completion_handler
                0x20005290        0x4 C:\Users\S-SPACE\Desktop\Pratik\sf2_isp_using_uart_interface_demo_df\libero\SoftConsole\demo_MSS_CM3\demo_MSS_CM3_hw_platform\Debug\libdemo_MSS_CM3_hw_platform.a(mss_sys_services.o)
                0x20005290                g_isp_completion_handler
 .bss.g_isp_page_read_handler
                0x20005294        0x4 C:\Users\S-SPACE\Desktop\Pratik\sf2_isp_using_uart_interface_demo_df\libero\SoftConsole\demo_MSS_CM3\demo_MSS_CM3_hw_platform\Debug\libdemo_MSS_CM3_hw_platform.a(mss_sys_services.o)
                0x20005294                g_isp_page_read_handler
 .bss.g_initial_mssddr_facc2_cr
                0x20005298        0x4 C:\Users\S-SPACE\Desktop\Pratik\sf2_isp_using_uart_interface_demo_df\libero\SoftConsole\demo_MSS_CM3\demo_MSS_CM3_hw_platform\Debug\libdemo_MSS_CM3_hw_platform.a(mss_sys_services.o)
 .bss.g_mode    0x2000529c        0x1 C:\Users\S-SPACE\Desktop\Pratik\sf2_isp_using_uart_interface_demo_df\libero\SoftConsole\demo_MSS_CM3\demo_MSS_CM3_hw_platform\Debug\libdemo_MSS_CM3_hw_platform.a(mss_sys_services.o)
 .bss.g_comblk_cmd_opcode
                0x2000529d        0x1 C:\Users\S-SPACE\Desktop\Pratik\sf2_isp_using_uart_interface_demo_df\libero\SoftConsole\demo_MSS_CM3\demo_MSS_CM3_hw_platform\Debug\libdemo_MSS_CM3_hw_platform.a(mss_comblk.o)
 *fill*         0x2000529e        0x2 00
 .bss.g_comblk_p_cmd
                0x200052a0        0x4 C:\Users\S-SPACE\Desktop\Pratik\sf2_isp_using_uart_interface_demo_df\libero\SoftConsole\demo_MSS_CM3\demo_MSS_CM3_hw_platform\Debug\libdemo_MSS_CM3_hw_platform.a(mss_comblk.o)
 .bss.g_comblk_cmd_size
                0x200052a4        0x2 C:\Users\S-SPACE\Desktop\Pratik\sf2_isp_using_uart_interface_demo_df\libero\SoftConsole\demo_MSS_CM3\demo_MSS_CM3_hw_platform\Debug\libdemo_MSS_CM3_hw_platform.a(mss_comblk.o)
 *fill*         0x200052a6        0x2 00
 .bss.g_comblk_p_data
                0x200052a8        0x4 C:\Users\S-SPACE\Desktop\Pratik\sf2_isp_using_uart_interface_demo_df\libero\SoftConsole\demo_MSS_CM3\demo_MSS_CM3_hw_platform\Debug\libdemo_MSS_CM3_hw_platform.a(mss_comblk.o)
 .bss.g_comblk_data_size
                0x200052ac        0x4 C:\Users\S-SPACE\Desktop\Pratik\sf2_isp_using_uart_interface_demo_df\libero\SoftConsole\demo_MSS_CM3\demo_MSS_CM3_hw_platform\Debug\libdemo_MSS_CM3_hw_platform.a(mss_comblk.o)
 .bss.g_comblk_p_response
                0x200052b0        0x4 C:\Users\S-SPACE\Desktop\Pratik\sf2_isp_using_uart_interface_demo_df\libero\SoftConsole\demo_MSS_CM3\demo_MSS_CM3_hw_platform\Debug\libdemo_MSS_CM3_hw_platform.a(mss_comblk.o)
 .bss.g_comblk_response_size
                0x200052b4        0x2 C:\Users\S-SPACE\Desktop\Pratik\sf2_isp_using_uart_interface_demo_df\libero\SoftConsole\demo_MSS_CM3\demo_MSS_CM3_hw_platform\Debug\libdemo_MSS_CM3_hw_platform.a(mss_comblk.o)
 .bss.g_comblk_response_idx
                0x200052b6        0x2 C:\Users\S-SPACE\Desktop\Pratik\sf2_isp_using_uart_interface_demo_df\libero\SoftConsole\demo_MSS_CM3\demo_MSS_CM3_hw_platform\Debug\libdemo_MSS_CM3_hw_platform.a(mss_comblk.o)
 .bss.g_comblk_completion_handler
                0x200052b8        0x4 C:\Users\S-SPACE\Desktop\Pratik\sf2_isp_using_uart_interface_demo_df\libero\SoftConsole\demo_MSS_CM3\demo_MSS_CM3_hw_platform\Debug\libdemo_MSS_CM3_hw_platform.a(mss_comblk.o)
 .bss.g_comblk_page_handler
                0x200052bc        0x4 C:\Users\S-SPACE\Desktop\Pratik\sf2_isp_using_uart_interface_demo_df\libero\SoftConsole\demo_MSS_CM3\demo_MSS_CM3_hw_platform\Debug\libdemo_MSS_CM3_hw_platform.a(mss_comblk.o)
 .bss.g_request_in_progress
                0x200052c0        0x1 C:\Users\S-SPACE\Desktop\Pratik\sf2_isp_using_uart_interface_demo_df\libero\SoftConsole\demo_MSS_CM3\demo_MSS_CM3_hw_platform\Debug\libdemo_MSS_CM3_hw_platform.a(mss_comblk.o)
 .bss.g_comblk_state
                0x200052c1        0x1 C:\Users\S-SPACE\Desktop\Pratik\sf2_isp_using_uart_interface_demo_df\libero\SoftConsole\demo_MSS_CM3\demo_MSS_CM3_hw_platform\Debug\libdemo_MSS_CM3_hw_platform.a(mss_comblk.o)
 *fill*         0x200052c2        0x2 00
 .bss.g_async_event_handler
                0x200052c4        0x4 C:\Users\S-SPACE\Desktop\Pratik\sf2_isp_using_uart_interface_demo_df\libero\SoftConsole\demo_MSS_CM3\demo_MSS_CM3_hw_platform\Debug\libdemo_MSS_CM3_hw_platform.a(mss_comblk.o)
 *(COMMON)
 COMMON         0x200052c8       0x18 ./Flash.o
                0x200052c8                data_read
                0x200052d0                rx_buf
 COMMON         0x200052e0     0x3214 ./main.o
                0x200052e0                rx_buff
                0x200062e0                prog_buf
                0x200072e0                g_read_buf
                0x200074e0                g_page_buffer
                0x200084e0                dummy_g_page_buffer
 COMMON         0x200084f4       0x80 C:\Users\S-SPACE\Desktop\Pratik\sf2_isp_using_uart_interface_demo_df\libero\SoftConsole\demo_MSS_CM3\demo_MSS_CM3_hw_platform\Debug\libdemo_MSS_CM3_hw_platform.a(mss_uart.o)
                0x200084f4                g_mss_uart1
                0x20008534                g_mss_uart0
 COMMON         0x20008574      0x108 C:\Users\S-SPACE\Desktop\Pratik\sf2_isp_using_uart_interface_demo_df\libero\SoftConsole\demo_MSS_CM3\demo_MSS_CM3_hw_platform\Debug\libdemo_MSS_CM3_hw_platform.a(mss_spi.o)
                0x20008574                g_mss_spi1
                0x200085f8                g_mss_spi0
                0x20008680                . = ALIGN (0x10)
 *fill*         0x2000867c        0x4 00
                0x20008680                __bss_end__ = .
                0x20008680                _end = .
                0x20008680                __end = _end
                0x20008680                _ebss = .
                0x20008680                PROVIDE (end, .)

.heap           0x20008680     0x6980
                0x20008680                __heap_start__ = .
                0x20009680                . = (. + MIN_SIZE_HEAP)
 *fill*         0x20008680     0x1000 00
                0x2000f000                . = (. + (((ABSOLUTE (RAM_START_ADDRESS) + RAM_SIZE) - MAIN_STACK_SIZE) - .))
 *fill*         0x20009680     0x5980 00
                0x2000f000                _eheap = .

.stack          0x2000f000     0x1000
                0x2000f000                __stack_start__ = .
                0x20010000                . = (. + MAIN_STACK_SIZE)
 *fill*         0x2000f000     0x1000 00
                0x20010000                _estack = .

.stab
 *(.stab)

.stabstr
 *(.stabstr)

.debug
 *(.debug)

.line
 *(.line)

.debug_srcinfo
 *(.debug_srcinfo)

.debug_sfnames
 *(.debug_sfnames)

.comment        0x00000000      0x158
 .comment       0x00000000       0x2b ./Flash.o
 .comment       0x0000002b       0x2b ./main.o
 .comment       0x00000056       0x2b C:/Users/S-SPACE/Desktop/Pratik/sf2_isp_using_uart_interface_demo_df/libero/SoftConsole/demo_MSS_CM3/demo_MSS_CM3_hw_platform/Debug/CMSIS/startup_gcc/newlib_stubs.o
 .comment       0x00000081       0x2b C:\Users\S-SPACE\Desktop\Pratik\sf2_isp_using_uart_interface_demo_df\libero\SoftConsole\demo_MSS_CM3\demo_MSS_CM3_hw_platform\Debug\libdemo_MSS_CM3_hw_platform.a(mss_uart.o)
 .comment       0x000000ac       0x2b C:\Users\S-SPACE\Desktop\Pratik\sf2_isp_using_uart_interface_demo_df\libero\SoftConsole\demo_MSS_CM3\demo_MSS_CM3_hw_platform\Debug\libdemo_MSS_CM3_hw_platform.a(mss_sys_services.o)
 .comment       0x000000d7       0x2b C:\Users\S-SPACE\Desktop\Pratik\sf2_isp_using_uart_interface_demo_df\libero\SoftConsole\demo_MSS_CM3\demo_MSS_CM3_hw_platform\Debug\libdemo_MSS_CM3_hw_platform.a(mss_spi.o)
 .comment       0x00000102       0x2b C:\Users\S-SPACE\Desktop\Pratik\sf2_isp_using_uart_interface_demo_df\libero\SoftConsole\demo_MSS_CM3\demo_MSS_CM3_hw_platform\Debug\libdemo_MSS_CM3_hw_platform.a(system_m2sxxx.o)
 .comment       0x0000012d       0x2b C:\Users\S-SPACE\Desktop\Pratik\sf2_isp_using_uart_interface_demo_df\libero\SoftConsole\demo_MSS_CM3\demo_MSS_CM3_hw_platform\Debug\libdemo_MSS_CM3_hw_platform.a(mss_comblk.o)

.debug_aranges  0x00000000      0x6f0
 *(.debug_aranges)
 .debug_aranges
                0x00000000       0x90 ./Flash.o
 .debug_aranges
                0x00000090       0x60 ./main.o
 .debug_aranges
                0x000000f0       0xa8 C:/Users/S-SPACE/Desktop/Pratik/sf2_isp_using_uart_interface_demo_df/libero/SoftConsole/demo_MSS_CM3/demo_MSS_CM3_hw_platform/Debug/CMSIS/startup_gcc/newlib_stubs.o
 .debug_aranges
                0x00000198      0x1d0 C:\Users\S-SPACE\Desktop\Pratik\sf2_isp_using_uart_interface_demo_df\libero\SoftConsole\demo_MSS_CM3\demo_MSS_CM3_hw_platform\Debug\libdemo_MSS_CM3_hw_platform.a(mss_uart.o)
 .debug_aranges
                0x00000368      0x1c8 C:\Users\S-SPACE\Desktop\Pratik\sf2_isp_using_uart_interface_demo_df\libero\SoftConsole\demo_MSS_CM3\demo_MSS_CM3_hw_platform\Debug\libdemo_MSS_CM3_hw_platform.a(mss_sys_services.o)
 .debug_aranges
                0x00000530       0xe0 C:\Users\S-SPACE\Desktop\Pratik\sf2_isp_using_uart_interface_demo_df\libero\SoftConsole\demo_MSS_CM3\demo_MSS_CM3_hw_platform\Debug\libdemo_MSS_CM3_hw_platform.a(mss_spi.o)
 .debug_aranges
                0x00000610       0x50 C:\Users\S-SPACE\Desktop\Pratik\sf2_isp_using_uart_interface_demo_df\libero\SoftConsole\demo_MSS_CM3\demo_MSS_CM3_hw_platform\Debug\libdemo_MSS_CM3_hw_platform.a(system_m2sxxx.o)
 .debug_aranges
                0x00000660       0x90 C:\Users\S-SPACE\Desktop\Pratik\sf2_isp_using_uart_interface_demo_df\libero\SoftConsole\demo_MSS_CM3\demo_MSS_CM3_hw_platform\Debug\libdemo_MSS_CM3_hw_platform.a(mss_comblk.o)

.debug_pubnames
                0x00000000     0x11db
 *(.debug_pubnames)
 .debug_pubnames
                0x00000000      0x167 ./Flash.o
 .debug_pubnames
                0x00000167      0x191 ./main.o
 .debug_pubnames
                0x000002f8       0xeb C:/Users/S-SPACE/Desktop/Pratik/sf2_isp_using_uart_interface_demo_df/libero/SoftConsole/demo_MSS_CM3/demo_MSS_CM3_hw_platform/Debug/CMSIS/startup_gcc/newlib_stubs.o
 .debug_pubnames
                0x000003e3      0x50f C:\Users\S-SPACE\Desktop\Pratik\sf2_isp_using_uart_interface_demo_df\libero\SoftConsole\demo_MSS_CM3\demo_MSS_CM3_hw_platform\Debug\libdemo_MSS_CM3_hw_platform.a(mss_uart.o)
 .debug_pubnames
                0x000008f2      0x571 C:\Users\S-SPACE\Desktop\Pratik\sf2_isp_using_uart_interface_demo_df\libero\SoftConsole\demo_MSS_CM3\demo_MSS_CM3_hw_platform\Debug\libdemo_MSS_CM3_hw_platform.a(mss_sys_services.o)
 .debug_pubnames
                0x00000e63      0x21a C:\Users\S-SPACE\Desktop\Pratik\sf2_isp_using_uart_interface_demo_df\libero\SoftConsole\demo_MSS_CM3\demo_MSS_CM3_hw_platform\Debug\libdemo_MSS_CM3_hw_platform.a(mss_spi.o)
 .debug_pubnames
                0x0000107d       0xcb C:\Users\S-SPACE\Desktop\Pratik\sf2_isp_using_uart_interface_demo_df\libero\SoftConsole\demo_MSS_CM3\demo_MSS_CM3_hw_platform\Debug\libdemo_MSS_CM3_hw_platform.a(system_m2sxxx.o)
 .debug_pubnames
                0x00001148       0x93 C:\Users\S-SPACE\Desktop\Pratik\sf2_isp_using_uart_interface_demo_df\libero\SoftConsole\demo_MSS_CM3\demo_MSS_CM3_hw_platform\Debug\libdemo_MSS_CM3_hw_platform.a(mss_comblk.o)

.debug_info     0x00000000     0x908c
 *(.debug_info .gnu.linkonce.wi.*)
 .debug_info    0x00000000      0xcd7 ./Flash.o
 .debug_info    0x00000cd7     0x103e ./main.o
 .debug_info    0x00001d15      0x6ed C:/Users/S-SPACE/Desktop/Pratik/sf2_isp_using_uart_interface_demo_df/libero/SoftConsole/demo_MSS_CM3/demo_MSS_CM3_hw_platform/Debug/CMSIS/startup_gcc/newlib_stubs.o
 .debug_info    0x00002402     0x1ed4 C:\Users\S-SPACE\Desktop\Pratik\sf2_isp_using_uart_interface_demo_df\libero\SoftConsole\demo_MSS_CM3\demo_MSS_CM3_hw_platform\Debug\libdemo_MSS_CM3_hw_platform.a(mss_uart.o)
 .debug_info    0x000042d6     0x1fb4 C:\Users\S-SPACE\Desktop\Pratik\sf2_isp_using_uart_interface_demo_df\libero\SoftConsole\demo_MSS_CM3\demo_MSS_CM3_hw_platform\Debug\libdemo_MSS_CM3_hw_platform.a(mss_sys_services.o)
 .debug_info    0x0000628a     0x1723 C:\Users\S-SPACE\Desktop\Pratik\sf2_isp_using_uart_interface_demo_df\libero\SoftConsole\demo_MSS_CM3\demo_MSS_CM3_hw_platform\Debug\libdemo_MSS_CM3_hw_platform.a(mss_spi.o)
 .debug_info    0x000079ad      0xbbf C:\Users\S-SPACE\Desktop\Pratik\sf2_isp_using_uart_interface_demo_df\libero\SoftConsole\demo_MSS_CM3\demo_MSS_CM3_hw_platform\Debug\libdemo_MSS_CM3_hw_platform.a(system_m2sxxx.o)
 .debug_info    0x0000856c      0xb20 C:\Users\S-SPACE\Desktop\Pratik\sf2_isp_using_uart_interface_demo_df\libero\SoftConsole\demo_MSS_CM3\demo_MSS_CM3_hw_platform\Debug\libdemo_MSS_CM3_hw_platform.a(mss_comblk.o)

.debug_abbrev   0x00000000      0xf7b
 *(.debug_abbrev)
 .debug_abbrev  0x00000000      0x230 ./Flash.o
 .debug_abbrev  0x00000230      0x27a ./main.o
 .debug_abbrev  0x000004aa      0x170 C:/Users/S-SPACE/Desktop/Pratik/sf2_isp_using_uart_interface_demo_df/libero/SoftConsole/demo_MSS_CM3/demo_MSS_CM3_hw_platform/Debug/CMSIS/startup_gcc/newlib_stubs.o
 .debug_abbrev  0x0000061a      0x280 C:\Users\S-SPACE\Desktop\Pratik\sf2_isp_using_uart_interface_demo_df\libero\SoftConsole\demo_MSS_CM3\demo_MSS_CM3_hw_platform\Debug\libdemo_MSS_CM3_hw_platform.a(mss_uart.o)
 .debug_abbrev  0x0000089a      0x1fe C:\Users\S-SPACE\Desktop\Pratik\sf2_isp_using_uart_interface_demo_df\libero\SoftConsole\demo_MSS_CM3\demo_MSS_CM3_hw_platform\Debug\libdemo_MSS_CM3_hw_platform.a(mss_sys_services.o)
 .debug_abbrev  0x00000a98      0x1ee C:\Users\S-SPACE\Desktop\Pratik\sf2_isp_using_uart_interface_demo_df\libero\SoftConsole\demo_MSS_CM3\demo_MSS_CM3_hw_platform\Debug\libdemo_MSS_CM3_hw_platform.a(mss_spi.o)
 .debug_abbrev  0x00000c86      0x150 C:\Users\S-SPACE\Desktop\Pratik\sf2_isp_using_uart_interface_demo_df\libero\SoftConsole\demo_MSS_CM3\demo_MSS_CM3_hw_platform\Debug\libdemo_MSS_CM3_hw_platform.a(system_m2sxxx.o)
 .debug_abbrev  0x00000dd6      0x1a5 C:\Users\S-SPACE\Desktop\Pratik\sf2_isp_using_uart_interface_demo_df\libero\SoftConsole\demo_MSS_CM3\demo_MSS_CM3_hw_platform\Debug\libdemo_MSS_CM3_hw_platform.a(mss_comblk.o)

.debug_line     0x00000000     0x34a1
 *(.debug_line)
 .debug_line    0x00000000      0x57d ./Flash.o
 .debug_line    0x0000057d      0x95a ./main.o
 .debug_line    0x00000ed7      0x4b6 C:/Users/S-SPACE/Desktop/Pratik/sf2_isp_using_uart_interface_demo_df/libero/SoftConsole/demo_MSS_CM3/demo_MSS_CM3_hw_platform/Debug/CMSIS/startup_gcc/newlib_stubs.o
 .debug_line    0x0000138d      0x8f8 C:\Users\S-SPACE\Desktop\Pratik\sf2_isp_using_uart_interface_demo_df\libero\SoftConsole\demo_MSS_CM3\demo_MSS_CM3_hw_platform\Debug\libdemo_MSS_CM3_hw_platform.a(mss_uart.o)
 .debug_line    0x00001c85      0xa2a C:\Users\S-SPACE\Desktop\Pratik\sf2_isp_using_uart_interface_demo_df\libero\SoftConsole\demo_MSS_CM3\demo_MSS_CM3_hw_platform\Debug\libdemo_MSS_CM3_hw_platform.a(mss_sys_services.o)
 .debug_line    0x000026af      0x6d1 C:\Users\S-SPACE\Desktop\Pratik\sf2_isp_using_uart_interface_demo_df\libero\SoftConsole\demo_MSS_CM3\demo_MSS_CM3_hw_platform\Debug\libdemo_MSS_CM3_hw_platform.a(mss_spi.o)
 .debug_line    0x00002d80      0x228 C:\Users\S-SPACE\Desktop\Pratik\sf2_isp_using_uart_interface_demo_df\libero\SoftConsole\demo_MSS_CM3\demo_MSS_CM3_hw_platform\Debug\libdemo_MSS_CM3_hw_platform.a(system_m2sxxx.o)
 .debug_line    0x00002fa8      0x4f9 C:\Users\S-SPACE\Desktop\Pratik\sf2_isp_using_uart_interface_demo_df\libero\SoftConsole\demo_MSS_CM3\demo_MSS_CM3_hw_platform\Debug\libdemo_MSS_CM3_hw_platform.a(mss_comblk.o)

.debug_frame    0x00000000     0x19e0
 *(.debug_frame)
 .debug_frame   0x00000000      0x1f8 ./Flash.o
 .debug_frame   0x000001f8      0x120 ./main.o
 .debug_frame   0x00000318      0x21c C:/Users/S-SPACE/Desktop/Pratik/sf2_isp_using_uart_interface_demo_df/libero/SoftConsole/demo_MSS_CM3/demo_MSS_CM3_hw_platform/Debug/CMSIS/startup_gcc/newlib_stubs.o
 .debug_frame   0x00000534      0x6b4 C:\Users\S-SPACE\Desktop\Pratik\sf2_isp_using_uart_interface_demo_df\libero\SoftConsole\demo_MSS_CM3\demo_MSS_CM3_hw_platform\Debug\libdemo_MSS_CM3_hw_platform.a(mss_uart.o)
 .debug_frame   0x00000be8      0x6b0 C:\Users\S-SPACE\Desktop\Pratik\sf2_isp_using_uart_interface_demo_df\libero\SoftConsole\demo_MSS_CM3\demo_MSS_CM3_hw_platform\Debug\libdemo_MSS_CM3_hw_platform.a(mss_sys_services.o)
 .debug_frame   0x00001298      0x320 C:\Users\S-SPACE\Desktop\Pratik\sf2_isp_using_uart_interface_demo_df\libero\SoftConsole\demo_MSS_CM3\demo_MSS_CM3_hw_platform\Debug\libdemo_MSS_CM3_hw_platform.a(mss_spi.o)
 .debug_frame   0x000015b8       0xd8 C:\Users\S-SPACE\Desktop\Pratik\sf2_isp_using_uart_interface_demo_df\libero\SoftConsole\demo_MSS_CM3\demo_MSS_CM3_hw_platform\Debug\libdemo_MSS_CM3_hw_platform.a(system_m2sxxx.o)
 .debug_frame   0x00001690      0x1dc C:\Users\S-SPACE\Desktop\Pratik\sf2_isp_using_uart_interface_demo_df\libero\SoftConsole\demo_MSS_CM3\demo_MSS_CM3_hw_platform\Debug\libdemo_MSS_CM3_hw_platform.a(mss_comblk.o)
 .debug_frame   0x0000186c       0x30 c:/program files (x86)/microsemi/softconsole v3.4/sourcery-g++/bin/../lib/gcc/arm-none-eabi/4.4.1/../../../../arm-none-eabi/lib/thumb2\libc.a(lib_a-atoi.o)
 .debug_frame   0x0000189c       0x20 c:/program files (x86)/microsemi/softconsole v3.4/sourcery-g++/bin/../lib/gcc/arm-none-eabi/4.4.1/../../../../arm-none-eabi/lib/thumb2\libc.a(lib_a-errno.o)
 .debug_frame   0x000018bc       0x2c c:/program files (x86)/microsemi/softconsole v3.4/sourcery-g++/bin/../lib/gcc/arm-none-eabi/4.4.1/../../../../arm-none-eabi/lib/thumb2\libc.a(lib_a-init.o)
 .debug_frame   0x000018e8       0x28 c:/program files (x86)/microsemi/softconsole v3.4/sourcery-g++/bin/../lib/gcc/arm-none-eabi/4.4.1/../../../../arm-none-eabi/lib/thumb2\libc.a(lib_a-memcmp.o)
 .debug_frame   0x00001910       0x34 c:/program files (x86)/microsemi/softconsole v3.4/sourcery-g++/bin/../lib/gcc/arm-none-eabi/4.4.1/../../../../arm-none-eabi/lib/thumb2\libc.a(lib_a-memcpy.o)
 .debug_frame   0x00001944       0x28 c:/program files (x86)/microsemi/softconsole v3.4/sourcery-g++/bin/../lib/gcc/arm-none-eabi/4.4.1/../../../../arm-none-eabi/lib/thumb2\libc.a(lib_a-memset.o)
 .debug_frame   0x0000196c       0x54 c:/program files (x86)/microsemi/softconsole v3.4/sourcery-g++/bin/../lib/gcc/arm-none-eabi/4.4.1/../../../../arm-none-eabi/lib/thumb2\libc.a(lib_a-strtol.o)
 .debug_frame   0x000019c0       0x20 c:/program files (x86)/microsemi/softconsole v3.4/sourcery-g++/bin/../lib/gcc/arm-none-eabi/4.4.1/thumb2\libgcc.a(_udivsi3.o)

.debug_str      0x00000000     0x3554
 *(.debug_str)
 .debug_str     0x00000000      0xb5a ./Flash.o
                                0xc6b (size before relaxing)
 .debug_str     0x00000b5a      0x488 ./main.o
                                0xf1f (size before relaxing)
 .debug_str     0x00000fe2      0x279 C:/Users/S-SPACE/Desktop/Pratik/sf2_isp_using_uart_interface_demo_df/libero/SoftConsole/demo_MSS_CM3/demo_MSS_CM3_hw_platform/Debug/CMSIS/startup_gcc/newlib_stubs.o
                                0x357 (size before relaxing)
 .debug_str     0x0000125b     0x1133 C:\Users\S-SPACE\Desktop\Pratik\sf2_isp_using_uart_interface_demo_df\libero\SoftConsole\demo_MSS_CM3\demo_MSS_CM3_hw_platform\Debug\libdemo_MSS_CM3_hw_platform.a(mss_uart.o)
                               0x19bd (size before relaxing)
 .debug_str     0x0000238e      0xa1c C:\Users\S-SPACE\Desktop\Pratik\sf2_isp_using_uart_interface_demo_df\libero\SoftConsole\demo_MSS_CM3\demo_MSS_CM3_hw_platform\Debug\libdemo_MSS_CM3_hw_platform.a(mss_sys_services.o)
                               0x132e (size before relaxing)
 .debug_str     0x00002daa      0x312 C:\Users\S-SPACE\Desktop\Pratik\sf2_isp_using_uart_interface_demo_df\libero\SoftConsole\demo_MSS_CM3\demo_MSS_CM3_hw_platform\Debug\libdemo_MSS_CM3_hw_platform.a(mss_spi.o)
                               0x1576 (size before relaxing)
 .debug_str     0x000030bc      0x1cf C:\Users\S-SPACE\Desktop\Pratik\sf2_isp_using_uart_interface_demo_df\libero\SoftConsole\demo_MSS_CM3\demo_MSS_CM3_hw_platform\Debug\libdemo_MSS_CM3_hw_platform.a(system_m2sxxx.o)
                                0xa37 (size before relaxing)
 .debug_str     0x0000328b      0x2c9 C:\Users\S-SPACE\Desktop\Pratik\sf2_isp_using_uart_interface_demo_df\libero\SoftConsole\demo_MSS_CM3\demo_MSS_CM3_hw_platform\Debug\libdemo_MSS_CM3_hw_platform.a(mss_comblk.o)
                                0xa8a (size before relaxing)

.debug_loc      0x00000000     0x2a24
 *(.debug_loc)
 .debug_loc     0x00000000      0x33d ./Flash.o
 .debug_loc     0x0000033d      0x1f1 ./main.o
 .debug_loc     0x0000052e      0x3c6 C:/Users/S-SPACE/Desktop/Pratik/sf2_isp_using_uart_interface_demo_df/libero/SoftConsole/demo_MSS_CM3/demo_MSS_CM3_hw_platform/Debug/CMSIS/startup_gcc/newlib_stubs.o
 .debug_loc     0x000008f4      0xbb9 C:\Users\S-SPACE\Desktop\Pratik\sf2_isp_using_uart_interface_demo_df\libero\SoftConsole\demo_MSS_CM3\demo_MSS_CM3_hw_platform\Debug\libdemo_MSS_CM3_hw_platform.a(mss_uart.o)
 .debug_loc     0x000014ad      0xb8c C:\Users\S-SPACE\Desktop\Pratik\sf2_isp_using_uart_interface_demo_df\libero\SoftConsole\demo_MSS_CM3\demo_MSS_CM3_hw_platform\Debug\libdemo_MSS_CM3_hw_platform.a(mss_sys_services.o)
 .debug_loc     0x00002039      0x549 C:\Users\S-SPACE\Desktop\Pratik\sf2_isp_using_uart_interface_demo_df\libero\SoftConsole\demo_MSS_CM3\demo_MSS_CM3_hw_platform\Debug\libdemo_MSS_CM3_hw_platform.a(mss_spi.o)
 .debug_loc     0x00002582      0x169 C:\Users\S-SPACE\Desktop\Pratik\sf2_isp_using_uart_interface_demo_df\libero\SoftConsole\demo_MSS_CM3\demo_MSS_CM3_hw_platform\Debug\libdemo_MSS_CM3_hw_platform.a(system_m2sxxx.o)
 .debug_loc     0x000026eb      0x339 C:\Users\S-SPACE\Desktop\Pratik\sf2_isp_using_uart_interface_demo_df\libero\SoftConsole\demo_MSS_CM3\demo_MSS_CM3_hw_platform\Debug\libdemo_MSS_CM3_hw_platform.a(mss_comblk.o)

.debug_macinfo  0x00000000    0x41166
 *(.debug_macinfo)
 .debug_macinfo
                0x00000000     0x6fc2 ./Flash.o
 .debug_macinfo
                0x00006fc2     0xb48b ./main.o
 .debug_macinfo
                0x0001244d     0x4bf0 C:/Users/S-SPACE/Desktop/Pratik/sf2_isp_using_uart_interface_demo_df/libero/SoftConsole/demo_MSS_CM3/demo_MSS_CM3_hw_platform/Debug/CMSIS/startup_gcc/newlib_stubs.o
 .debug_macinfo
                0x0001703d     0x8184 C:\Users\S-SPACE\Desktop\Pratik\sf2_isp_using_uart_interface_demo_df\libero\SoftConsole\demo_MSS_CM3\demo_MSS_CM3_hw_platform\Debug\libdemo_MSS_CM3_hw_platform.a(mss_uart.o)
 .debug_macinfo
                0x0001f1c1     0xa898 C:\Users\S-SPACE\Desktop\Pratik\sf2_isp_using_uart_interface_demo_df\libero\SoftConsole\demo_MSS_CM3\demo_MSS_CM3_hw_platform\Debug\libdemo_MSS_CM3_hw_platform.a(mss_sys_services.o)
 .debug_macinfo
                0x00029a59     0x8fd8 C:\Users\S-SPACE\Desktop\Pratik\sf2_isp_using_uart_interface_demo_df\libero\SoftConsole\demo_MSS_CM3\demo_MSS_CM3_hw_platform\Debug\libdemo_MSS_CM3_hw_platform.a(mss_spi.o)
 .debug_macinfo
                0x00032a31     0x73ce C:\Users\S-SPACE\Desktop\Pratik\sf2_isp_using_uart_interface_demo_df\libero\SoftConsole\demo_MSS_CM3\demo_MSS_CM3_hw_platform\Debug\libdemo_MSS_CM3_hw_platform.a(system_m2sxxx.o)
 .debug_macinfo
                0x00039dff     0x7367 C:\Users\S-SPACE\Desktop\Pratik\sf2_isp_using_uart_interface_demo_df\libero\SoftConsole\demo_MSS_CM3\demo_MSS_CM3_hw_platform\Debug\libdemo_MSS_CM3_hw_platform.a(mss_comblk.o)

.debug_weaknames
 *(.debug_weaknames)

.debug_funcnames
 *(.debug_funcnames)

.debug_typenames
 *(.debug_typenames)

.debug_varnames
 *(.debug_varnames)

.note.gnu.arm.ident
 *(.note.gnu.arm.ident)

.ARM.attributes
                0x00000000       0x25
 *(.ARM.attributes)
 .ARM.attributes
                0x00000000       0x19 c:/program files (x86)/microsemi/softconsole v3.4/sourcery-g++/bin/../lib/gcc/arm-none-eabi/4.4.1/thumb2/crti.o
 .ARM.attributes
                0x00000019       0x29 c:/program files (x86)/microsemi/softconsole v3.4/sourcery-g++/bin/../lib/gcc/arm-none-eabi/4.4.1/thumb2/crtbegin.o
 .ARM.attributes
                0x00000042       0x31 ./Flash.o
 .ARM.attributes
                0x00000073       0x31 ./main.o
 .ARM.attributes
                0x000000a4       0x21 C:/Users/S-SPACE/Desktop/Pratik/sf2_isp_using_uart_interface_demo_df/libero/SoftConsole/demo_MSS_CM3/demo_MSS_CM3_hw_platform/Debug/CMSIS/startup_gcc/startup_m2sxxx.o
 .ARM.attributes
                0x000000c5       0x31 C:/Users/S-SPACE/Desktop/Pratik/sf2_isp_using_uart_interface_demo_df/libero/SoftConsole/demo_MSS_CM3/demo_MSS_CM3_hw_platform/Debug/CMSIS/startup_gcc/newlib_stubs.o
 .ARM.attributes
                0x000000f6       0x31 C:\Users\S-SPACE\Desktop\Pratik\sf2_isp_using_uart_interface_demo_df\libero\SoftConsole\demo_MSS_CM3\demo_MSS_CM3_hw_platform\Debug\libdemo_MSS_CM3_hw_platform.a(mss_uart.o)
 .ARM.attributes
                0x00000127       0x31 C:\Users\S-SPACE\Desktop\Pratik\sf2_isp_using_uart_interface_demo_df\libero\SoftConsole\demo_MSS_CM3\demo_MSS_CM3_hw_platform\Debug\libdemo_MSS_CM3_hw_platform.a(mss_sys_services.o)
 .ARM.attributes
                0x00000158       0x31 C:\Users\S-SPACE\Desktop\Pratik\sf2_isp_using_uart_interface_demo_df\libero\SoftConsole\demo_MSS_CM3\demo_MSS_CM3_hw_platform\Debug\libdemo_MSS_CM3_hw_platform.a(mss_spi.o)
 .ARM.attributes
                0x00000189       0x31 C:\Users\S-SPACE\Desktop\Pratik\sf2_isp_using_uart_interface_demo_df\libero\SoftConsole\demo_MSS_CM3\demo_MSS_CM3_hw_platform\Debug\libdemo_MSS_CM3_hw_platform.a(system_m2sxxx.o)
 .ARM.attributes
                0x000001ba       0x31 C:\Users\S-SPACE\Desktop\Pratik\sf2_isp_using_uart_interface_demo_df\libero\SoftConsole\demo_MSS_CM3\demo_MSS_CM3_hw_platform\Debug\libdemo_MSS_CM3_hw_platform.a(mss_comblk.o)
 .ARM.attributes
                0x000001eb       0x29 c:/program files (x86)/microsemi/softconsole v3.4/sourcery-g++/bin/../lib/gcc/arm-none-eabi/4.4.1/../../../../arm-none-eabi/lib/thumb2\libc.a(lib_a-atoi.o)
 .ARM.attributes
                0x00000214       0x29 c:/program files (x86)/microsemi/softconsole v3.4/sourcery-g++/bin/../lib/gcc/arm-none-eabi/4.4.1/../../../../arm-none-eabi/lib/thumb2\libc.a(lib_a-errno.o)
 .ARM.attributes
                0x0000023d       0x29 c:/program files (x86)/microsemi/softconsole v3.4/sourcery-g++/bin/../lib/gcc/arm-none-eabi/4.4.1/../../../../arm-none-eabi/lib/thumb2\libc.a(lib_a-impure.o)
 .ARM.attributes
                0x00000266       0x29 c:/program files (x86)/microsemi/softconsole v3.4/sourcery-g++/bin/../lib/gcc/arm-none-eabi/4.4.1/../../../../arm-none-eabi/lib/thumb2\libc.a(lib_a-init.o)
 .ARM.attributes
                0x0000028f       0x29 c:/program files (x86)/microsemi/softconsole v3.4/sourcery-g++/bin/../lib/gcc/arm-none-eabi/4.4.1/../../../../arm-none-eabi/lib/thumb2\libc.a(lib_a-memcmp.o)
 .ARM.attributes
                0x000002b8       0x29 c:/program files (x86)/microsemi/softconsole v3.4/sourcery-g++/bin/../lib/gcc/arm-none-eabi/4.4.1/../../../../arm-none-eabi/lib/thumb2\libc.a(lib_a-memcpy.o)
 .ARM.attributes
                0x000002e1       0x29 c:/program files (x86)/microsemi/softconsole v3.4/sourcery-g++/bin/../lib/gcc/arm-none-eabi/4.4.1/../../../../arm-none-eabi/lib/thumb2\libc.a(lib_a-memset.o)
 .ARM.attributes
                0x0000030a       0x29 c:/program files (x86)/microsemi/softconsole v3.4/sourcery-g++/bin/../lib/gcc/arm-none-eabi/4.4.1/../../../../arm-none-eabi/lib/thumb2\libc.a(lib_a-strtol.o)
 .ARM.attributes
                0x00000333       0x29 c:/program files (x86)/microsemi/softconsole v3.4/sourcery-g++/bin/../lib/gcc/arm-none-eabi/4.4.1/../../../../arm-none-eabi/lib/thumb2\libc.a(lib_a-ctype_.o)
 .ARM.attributes
                0x0000035c       0x1b c:/program files (x86)/microsemi/softconsole v3.4/sourcery-g++/bin/../lib/gcc/arm-none-eabi/4.4.1/thumb2\libgcc.a(_udivsi3.o)
 .ARM.attributes
                0x00000377       0x1b c:/program files (x86)/microsemi/softconsole v3.4/sourcery-g++/bin/../lib/gcc/arm-none-eabi/4.4.1/thumb2\libgcc.a(_dvmd_tls.o)
 .ARM.attributes
                0x00000392       0x29 c:/program files (x86)/microsemi/softconsole v3.4/sourcery-g++/bin/../lib/gcc/arm-none-eabi/4.4.1/thumb2/crtend.o
 .ARM.attributes
                0x000003bb       0x19 c:/program files (x86)/microsemi/softconsole v3.4/sourcery-g++/bin/../lib/gcc/arm-none-eabi/4.4.1/thumb2/crtn.o

/DISCARD/
 *(.note.GNU-stack)
 *(.isr_vector)
OUTPUT(demo_MSS_CM3_app elf32-littlearm)

.debug_ranges   0x00000000      0x730
 .debug_ranges  0x00000000       0x88 ./Flash.o
 .debug_ranges  0x00000088       0x58 ./main.o
 .debug_ranges  0x000000e0       0xa0 C:/Users/S-SPACE/Desktop/Pratik/sf2_isp_using_uart_interface_demo_df/libero/SoftConsole/demo_MSS_CM3/demo_MSS_CM3_hw_platform/Debug/CMSIS/startup_gcc/newlib_stubs.o
 .debug_ranges  0x00000180      0x1c8 C:\Users\S-SPACE\Desktop\Pratik\sf2_isp_using_uart_interface_demo_df\libero\SoftConsole\demo_MSS_CM3\demo_MSS_CM3_hw_platform\Debug\libdemo_MSS_CM3_hw_platform.a(mss_uart.o)
 .debug_ranges  0x00000348      0x1f0 C:\Users\S-SPACE\Desktop\Pratik\sf2_isp_using_uart_interface_demo_df\libero\SoftConsole\demo_MSS_CM3\demo_MSS_CM3_hw_platform\Debug\libdemo_MSS_CM3_hw_platform.a(mss_sys_services.o)
 .debug_ranges  0x00000538       0xd8 C:\Users\S-SPACE\Desktop\Pratik\sf2_isp_using_uart_interface_demo_df\libero\SoftConsole\demo_MSS_CM3\demo_MSS_CM3_hw_platform\Debug\libdemo_MSS_CM3_hw_platform.a(mss_spi.o)
 .debug_ranges  0x00000610       0x48 C:\Users\S-SPACE\Desktop\Pratik\sf2_isp_using_uart_interface_demo_df\libero\SoftConsole\demo_MSS_CM3\demo_MSS_CM3_hw_platform\Debug\libdemo_MSS_CM3_hw_platform.a(system_m2sxxx.o)
 .debug_ranges  0x00000658       0xd8 C:\Users\S-SPACE\Desktop\Pratik\sf2_isp_using_uart_interface_demo_df\libero\SoftConsole\demo_MSS_CM3\demo_MSS_CM3_hw_platform\Debug\libdemo_MSS_CM3_hw_platform.a(mss_comblk.o)
